app/auth/login/page.tsx(54,23): error TS2554: Expected 1 arguments, but got 2.
app/auth/register/page.tsx(67,23): error TS2554: Expected 1 arguments, but got 2.
app/dashboard/appointments/new/page.tsx(29,11): error TS2769: No overload matches this call.
  Overload 1 of 2, '(values: readonly ["Consulta", "Retorno", "Exame", "Emerg├¬ncia"], params?: string | { error?: string | $ZodErrorMap<$ZodIssueInvalidValue<unknown>> | undefined; message?: string | undefined; } | undefined): ZodEnum<...>', gave the following error.
    Object literal may only specify known properties, and 'required_error' does not exist in type '{ error?: string | $ZodErrorMap<$ZodIssueInvalidValue<unknown>> | undefined; message?: string | undefined; }'.
  Overload 2 of 2, '(entries: Readonly<Record<string, EnumValue>>, params?: string | { error?: string | $ZodErrorMap<$ZodIssueInvalidValue<unknown>> | undefined; message?: string | undefined; } | undefined): ZodEnum<...>', gave the following error.
    Argument of type 'string[]' is not assignable to parameter of type 'Readonly<Record<string, EnumValue>>'.
      Index signature for type 'string' is missing in type 'string[]'.
app/dashboard/appointments/new/page.tsx(35,15): error TS2769: No overload matches this call.
  Overload 1 of 2, '(values: readonly ["Baixa", "Normal", "Alta", "Urgente"], params?: string | { error?: string | $ZodErrorMap<$ZodIssueInvalidValue<unknown>> | undefined; message?: string | undefined; } | undefined): ZodEnum<...>', gave the following error.
    Object literal may only specify known properties, and 'required_error' does not exist in type '{ error?: string | $ZodErrorMap<$ZodIssueInvalidValue<unknown>> | undefined; message?: string | undefined; }'.
  Overload 2 of 2, '(entries: Readonly<Record<string, EnumValue>>, params?: string | { error?: string | $ZodErrorMap<$ZodIssueInvalidValue<unknown>> | undefined; message?: string | undefined; } | undefined): ZodEnum<...>', gave the following error.
    Argument of type 'string[]' is not assignable to parameter of type 'Readonly<Record<string, EnumValue>>'.
      Index signature for type 'string' is missing in type 'string[]'.
app/dashboard/appointments/page.tsx(147,55): error TS2339: Property 'className' does not exist on type '{ variant: "secondary"; icon: ForwardRefExoticComponent<Omit<LucideProps, "ref"> & RefAttributes<SVGSVGElement>>; } | { ...; } | { ...; } | { ...; } | { ...; }'.
  Property 'className' does not exist on type '{ variant: "secondary"; icon: ForwardRefExoticComponent<Omit<LucideProps, "ref"> & RefAttributes<SVGSVGElement>>; }'.
app/dashboard/patients/[id]/edit/page.tsx(30,13): error TS2769: No overload matches this call.
  Overload 1 of 2, '(values: readonly ["Masculino", "Feminino", "Outro"], params?: string | { error?: string | $ZodErrorMap<$ZodIssueInvalidValue<unknown>> | undefined; message?: string | undefined; } | undefined): ZodEnum<...>', gave the following error.
    Object literal may only specify known properties, and 'required_error' does not exist in type '{ error?: string | $ZodErrorMap<$ZodIssueInvalidValue<unknown>> | undefined; message?: string | undefined; }'.
  Overload 2 of 2, '(entries: Readonly<Record<string, EnumValue>>, params?: string | { error?: string | $ZodErrorMap<$ZodIssueInvalidValue<unknown>> | undefined; message?: string | undefined; } | undefined): ZodEnum<...>', gave the following error.
    Argument of type 'string[]' is not assignable to parameter of type 'Readonly<Record<string, EnumValue>>'.
      Index signature for type 'string' is missing in type 'string[]'.
app/dashboard/patients/[id]/edit/page.tsx(33,20): error TS2769: No overload matches this call.
  Overload 1 of 2, '(values: readonly ["Solteiro(a)", "Casado(a)", "Divorciado(a)", "Vi├║vo(a)", "Uni├úo Est├ível"], params?: string | { error?: string | $ZodErrorMap<$ZodIssueInvalidValue<unknown>> | undefined; message?: string | undefined; } | undefined): ZodEnum<...>', gave the following error.
    Object literal may only specify known properties, and 'required_error' does not exist in type '{ error?: string | $ZodErrorMap<$ZodIssueInvalidValue<unknown>> | undefined; message?: string | undefined; }'.
  Overload 2 of 2, '(entries: Readonly<Record<string, EnumValue>>, params?: string | { error?: string | $ZodErrorMap<$ZodIssueInvalidValue<unknown>> | undefined; message?: string | undefined; } | undefined): ZodEnum<...>', gave the following error.
    Argument of type 'string[]' is not assignable to parameter of type 'Readonly<Record<string, EnumValue>>'.
      Index signature for type 'string' is missing in type 'string[]'.
app/dashboard/patients/[id]/edit/page.tsx(85,21): error TS18047: 'params' is possibly 'null'.
app/dashboard/patients/[id]/page.tsx(124,21): error TS18047: 'params' is possibly 'null'.
app/dashboard/patients/new/page.tsx(32,13): error TS2769: No overload matches this call.
  Overload 1 of 2, '(values: readonly ["Masculino", "Feminino", "Outro"], params?: string | { error?: string | $ZodErrorMap<$ZodIssueInvalidValue<unknown>> | undefined; message?: string | undefined; } | undefined): ZodEnum<...>', gave the following error.
    Object literal may only specify known properties, and 'required_error' does not exist in type '{ error?: string | $ZodErrorMap<$ZodIssueInvalidValue<unknown>> | undefined; message?: string | undefined; }'.
  Overload 2 of 2, '(entries: Readonly<Record<string, EnumValue>>, params?: string | { error?: string | $ZodErrorMap<$ZodIssueInvalidValue<unknown>> | undefined; message?: string | undefined; } | undefined): ZodEnum<...>', gave the following error.
    Argument of type 'string[]' is not assignable to parameter of type 'Readonly<Record<string, EnumValue>>'.
      Index signature for type 'string' is missing in type 'string[]'.
app/dashboard/patients/new/page.tsx(35,20): error TS2769: No overload matches this call.
  Overload 1 of 2, '(values: readonly ["Solteiro(a)", "Casado(a)", "Divorciado(a)", "Vi├║vo(a)", "Uni├úo Est├ível"], params?: string | { error?: string | $ZodErrorMap<$ZodIssueInvalidValue<unknown>> | undefined; message?: string | undefined; } | undefined): ZodEnum<...>', gave the following error.
    Object literal may only specify known properties, and 'required_error' does not exist in type '{ error?: string | $ZodErrorMap<$ZodIssueInvalidValue<unknown>> | undefined; message?: string | undefined; }'.
  Overload 2 of 2, '(entries: Readonly<Record<string, EnumValue>>, params?: string | { error?: string | $ZodErrorMap<$ZodIssueInvalidValue<unknown>> | undefined; message?: string | undefined; } | undefined): ZodEnum<...>', gave the following error.
    Argument of type 'string[]' is not assignable to parameter of type 'Readonly<Record<string, EnumValue>>'.
      Index signature for type 'string' is missing in type 'string[]'.
app/prescriptions/[id]/edit/page.tsx(30,3): error TS2305: Module '"@/hooks/usePrescriptions"' has no exported member 'useSearchMedications'.
app/prescriptions/[id]/edit/page.tsx(33,3): error TS2724: '"@/hooks/usePrescriptions"' has no exported member named 'useRemovePrescriptionMedication'. Did you mean 'usePrescriptionMedications'?
app/prescriptions/[id]/edit/page.tsx(68,33): error TS18047: 'params' is possibly 'null'.
app/prescriptions/[id]/edit/page.tsx(86,5): error TS2322: Type 'Resolver<{ patient_id: number; doctor_id: number; medical_record_id: number; prescription_type: "simple" | "controlled" | "special" | "digital"; validity_days: number; content?: string | undefined; is_controlled?: boolean | undefined; }, any, { ...; }>' is not assignable to type 'Resolver<PrescriptionFormData, any, PrescriptionFormData>'.
  Types of parameters 'values' and 'values' are incompatible.
    Property 'medical_record_id' is missing in type 'PrescriptionFormData' but required in type '{ patient_id: number; doctor_id: number; medical_record_id: number; prescription_type: "simple" | "controlled" | "special" | "digital"; validity_days: number; content?: string | undefined; is_controlled?: boolean | undefined; }'.
app/prescriptions/[id]/edit/page.tsx(90,7): error TS2353: Object literal may only specify known properties, and 'medical_record_id' does not exist in type 'AsyncDefaultValues<PrescriptionFormData> | { patient_id?: number | undefined; doctor_id?: number | undefined; prescription_type?: string | undefined; content?: string | undefined; validity_days?: number | undefined; is_controlled?: boolean | undefined; medications?: ({ ...; } | undefined)[] | undefined; }'.
app/prescriptions/[id]/edit/page.tsx(109,9): error TS2353: Object literal may only specify known properties, and 'medical_record_id' does not exist in type 'PrescriptionFormData | { patient_id?: number | undefined; doctor_id?: number | undefined; prescription_type?: string | undefined; content?: string | undefined; validity_days?: number | undefined; is_controlled?: boolean | undefined; medications?: ({ ...; } | undefined)[] | undefined; } | ResetAction<...>'.
app/prescriptions/[id]/edit/page.tsx(126,36): error TS7006: Parameter 'med' implicitly has an 'any' type.
app/prescriptions/[id]/edit/page.tsx(171,35): error TS2339: Property 'medical_record_id' does not exist on type 'PrescriptionFormData'.
app/prescriptions/[id]/edit/page.tsx(278,43): error TS2345: Argument of type '(data: PrescriptionFormData) => Promise<void>' is not assignable to parameter of type 'SubmitHandler<TFieldValues>'.
  Types of parameters 'data' and 'data' are incompatible.
    Type 'TFieldValues' is not assignable to type 'PrescriptionFormData'.
      Type 'FieldValues' is missing the following properties from type 'PrescriptionFormData': patient_id, doctor_id, prescription_type, content, and 3 more.
app/prescriptions/[id]/edit/page.tsx(290,19): error TS2322: Type 'Control<PrescriptionFormData, any, TFieldValues>' is not assignable to type 'Control<PrescriptionFormData, any, PrescriptionFormData>'.
  The types of '_options.resolver' are incompatible between these types.
    Type 'Resolver<PrescriptionFormData, any, TFieldValues> | undefined' is not assignable to type 'Resolver<PrescriptionFormData, any, PrescriptionFormData> | undefined'.
      Type 'Resolver<PrescriptionFormData, any, TFieldValues>' is not assignable to type 'Resolver<PrescriptionFormData, any, PrescriptionFormData>'.
        Type 'TFieldValues' is not assignable to type 'PrescriptionFormData'.
          Type 'FieldValues' is missing the following properties from type 'PrescriptionFormData': patient_id, doctor_id, prescription_type, content, and 3 more.
app/prescriptions/[id]/edit/page.tsx(309,19): error TS2322: Type 'Control<PrescriptionFormData, any, TFieldValues>' is not assignable to type 'Control<PrescriptionFormData, any, PrescriptionFormData>'.
  The types of '_options.resolver' are incompatible between these types.
    Type 'Resolver<PrescriptionFormData, any, TFieldValues> | undefined' is not assignable to type 'Resolver<PrescriptionFormData, any, PrescriptionFormData> | undefined'.
      Type 'Resolver<PrescriptionFormData, any, TFieldValues>' is not assignable to type 'Resolver<PrescriptionFormData, any, PrescriptionFormData>'.
        Type 'TFieldValues' is not assignable to type 'PrescriptionFormData'.
          Type 'FieldValues' is missing the following properties from type 'PrescriptionFormData': patient_id, doctor_id, prescription_type, content, and 3 more.
app/prescriptions/[id]/edit/page.tsx(328,19): error TS2322: Type 'Control<PrescriptionFormData, any, TFieldValues>' is not assignable to type 'Control<PrescriptionFormData, any, PrescriptionFormData>'.
  The types of '_options.resolver' are incompatible between these types.
    Type 'Resolver<PrescriptionFormData, any, TFieldValues> | undefined' is not assignable to type 'Resolver<PrescriptionFormData, any, PrescriptionFormData> | undefined'.
      Type 'Resolver<PrescriptionFormData, any, TFieldValues>' is not assignable to type 'Resolver<PrescriptionFormData, any, PrescriptionFormData>'.
        Type 'TFieldValues' is not assignable to type 'PrescriptionFormData'.
          Type 'FieldValues' is missing the following properties from type 'PrescriptionFormData': patient_id, doctor_id, prescription_type, content, and 3 more.
app/prescriptions/[id]/edit/page.tsx(329,19): error TS2322: Type '"medical_record_id"' is not assignable to type '"patient_id" | "doctor_id" | "prescription_type" | "is_controlled" | "medications" | "validity_days" | "content" | `medications.${number}` | `medications.${number}.is_controlled` | `medications.${number}.medication_name` | `medications.${number}.dosage` | `medications.${number}.frequency` | `medications.${number}.du...'.
app/prescriptions/[id]/edit/page.tsx(334,26): error TS2322: Type '{ onChange: (e: ChangeEvent<HTMLInputElement>) => void; onBlur: Noop; value: string | number | boolean | MedicationFormData | MedicationFormData[] | undefined; ... 4 more ...; placeholder: string; }' is not assignable to type 'InputProps'.
  Types of property 'value' are incompatible.
    Type 'string | number | boolean | MedicationFormData | MedicationFormData[] | undefined' is not assignable to type 'string | number | readonly string[] | undefined'.
      Type 'false' is not assignable to type 'string | number | readonly string[] | undefined'.
app/prescriptions/[id]/edit/page.tsx(349,19): error TS2322: Type 'Control<PrescriptionFormData, any, TFieldValues>' is not assignable to type 'Control<PrescriptionFormData, any, PrescriptionFormData>'.
  The types of '_options.resolver' are incompatible between these types.
    Type 'Resolver<PrescriptionFormData, any, TFieldValues> | undefined' is not assignable to type 'Resolver<PrescriptionFormData, any, PrescriptionFormData> | undefined'.
      Type 'Resolver<PrescriptionFormData, any, TFieldValues>' is not assignable to type 'Resolver<PrescriptionFormData, any, PrescriptionFormData>'.
        Type 'TFieldValues' is not assignable to type 'PrescriptionFormData'.
          Type 'FieldValues' is missing the following properties from type 'PrescriptionFormData': patient_id, doctor_id, prescription_type, content, and 3 more.
app/prescriptions/[id]/edit/page.tsx(373,19): error TS2322: Type 'Control<PrescriptionFormData, any, TFieldValues>' is not assignable to type 'Control<PrescriptionFormData, any, PrescriptionFormData>'.
  The types of '_options.resolver' are incompatible between these types.
    Type 'Resolver<PrescriptionFormData, any, TFieldValues> | undefined' is not assignable to type 'Resolver<PrescriptionFormData, any, PrescriptionFormData> | undefined'.
      Type 'Resolver<PrescriptionFormData, any, TFieldValues>' is not assignable to type 'Resolver<PrescriptionFormData, any, PrescriptionFormData>'.
        Type 'TFieldValues' is not assignable to type 'PrescriptionFormData'.
          Type 'FieldValues' is missing the following properties from type 'PrescriptionFormData': patient_id, doctor_id, prescription_type, content, and 3 more.
app/prescriptions/[id]/edit/page.tsx(396,17): error TS2322: Type 'Control<PrescriptionFormData, any, TFieldValues>' is not assignable to type 'Control<PrescriptionFormData, any, PrescriptionFormData>'.
  The types of '_options.resolver' are incompatible between these types.
    Type 'Resolver<PrescriptionFormData, any, TFieldValues> | undefined' is not assignable to type 'Resolver<PrescriptionFormData, any, PrescriptionFormData> | undefined'.
      Type 'Resolver<PrescriptionFormData, any, TFieldValues>' is not assignable to type 'Resolver<PrescriptionFormData, any, PrescriptionFormData>'.
        Type 'TFieldValues' is not assignable to type 'PrescriptionFormData'.
          Type 'FieldValues' is missing the following properties from type 'PrescriptionFormData': patient_id, doctor_id, prescription_type, content, and 3 more.
app/prescriptions/[id]/edit/page.tsx(419,17): error TS2322: Type 'Control<PrescriptionFormData, any, TFieldValues>' is not assignable to type 'Control<PrescriptionFormData, any, PrescriptionFormData>'.
  The types of '_options.resolver' are incompatible between these types.
    Type 'Resolver<PrescriptionFormData, any, TFieldValues> | undefined' is not assignable to type 'Resolver<PrescriptionFormData, any, PrescriptionFormData> | undefined'.
      Type 'Resolver<PrescriptionFormData, any, TFieldValues>' is not assignable to type 'Resolver<PrescriptionFormData, any, PrescriptionFormData>'.
        Type 'TFieldValues' is not assignable to type 'PrescriptionFormData'.
          Type 'FieldValues' is missing the following properties from type 'PrescriptionFormData': patient_id, doctor_id, prescription_type, content, and 3 more.
app/prescriptions/[id]/edit/page.tsx(486,61): error TS2339: Property 'medication_name' does not exist on type 'Record<"id", string>'.
app/prescriptions/[id]/edit/page.tsx(502,49): error TS7006: Parameter 'medication' implicitly has an 'any' type.
app/prescriptions/[id]/edit/page.tsx(502,61): error TS7006: Parameter 'medIndex' implicitly has an 'any' type.
app/prescriptions/[id]/edit/page.tsx(523,59): error TS2339: Property 'dosage' does not exist on type 'Record<"id", string>'.
app/prescriptions/[id]/edit/page.tsx(538,59): error TS2339: Property 'frequency' does not exist on type 'Record<"id", string>'.
app/prescriptions/[id]/edit/page.tsx(551,53): error TS2551: Property 'value' does not exist on type '"1x ao dia" | "2x ao dia" | "3x ao dia" | "4x ao dia" | "6x ao dia" | "8x ao dia" | "12x ao dia" | "A cada 4 horas" | "A cada 6 horas" | "A cada 8 horas" | "A cada 12 horas" | "Quando necess├írio" | "Uso cont├¡nuo"'. Did you mean 'valueOf'?
  Property 'value' does not exist on type '"1x ao dia"'.
app/prescriptions/[id]/edit/page.tsx(551,72): error TS2551: Property 'value' does not exist on type '"1x ao dia" | "2x ao dia" | "3x ao dia" | "4x ao dia" | "6x ao dia" | "8x ao dia" | "12x ao dia" | "A cada 4 horas" | "A cada 6 horas" | "A cada 8 horas" | "A cada 12 horas" | "Quando necess├írio" | "Uso cont├¡nuo"'. Did you mean 'valueOf'?
  Property 'value' does not exist on type '"1x ao dia"'.
app/prescriptions/[id]/edit/page.tsx(552,39): error TS2339: Property 'label' does not exist on type '"1x ao dia" | "2x ao dia" | "3x ao dia" | "4x ao dia" | "6x ao dia" | "8x ao dia" | "12x ao dia" | "A cada 4 horas" | "A cada 6 horas" | "A cada 8 horas" | "A cada 12 horas" | "Quando necess├írio" | "Uso cont├¡nuo"'.
  Property 'label' does not exist on type '"1x ao dia"'.
app/prescriptions/[id]/edit/page.tsx(562,59): error TS2339: Property 'duration' does not exist on type 'Record<"id", string>'.
app/prescriptions/[id]/edit/page.tsx(575,57): error TS2551: Property 'value' does not exist on type '"Uso cont├¡nuo" | "1 dia" | "3 dias" | "5 dias" | "7 dias" | "10 dias" | "14 dias" | "21 dias" | "30 dias" | "60 dias" | "90 dias"'. Did you mean 'valueOf'?
  Property 'value' does not exist on type '"Uso cont├¡nuo"'.
app/prescriptions/[id]/edit/page.tsx(575,80): error TS2551: Property 'value' does not exist on type '"Uso cont├¡nuo" | "1 dia" | "3 dias" | "5 dias" | "7 dias" | "10 dias" | "14 dias" | "21 dias" | "30 dias" | "60 dias" | "90 dias"'. Did you mean 'valueOf'?
  Property 'value' does not exist on type '"Uso cont├¡nuo"'.
app/prescriptions/[id]/edit/page.tsx(576,43): error TS2339: Property 'label' does not exist on type '"Uso cont├¡nuo" | "1 dia" | "3 dias" | "5 dias" | "7 dias" | "10 dias" | "14 dias" | "21 dias" | "30 dias" | "60 dias" | "90 dias"'.
  Property 'label' does not exist on type '"Uso cont├¡nuo"'.
app/prescriptions/[id]/edit/page.tsx(587,59): error TS2339: Property 'quantity' does not exist on type 'Record<"id", string>'.
app/prescriptions/[id]/edit/page.tsx(602,57): error TS2339: Property 'instructions' does not exist on type 'Record<"id", string>'.
app/prescriptions/[id]/edit/page.tsx(616,61): error TS2339: Property 'is_controlled' does not exist on type 'Record<"id", string>'.
app/prescriptions/[id]/edit/page.tsx(632,61): error TS2339: Property 'generic_allowed' does not exist on type 'Record<"id", string>'.
app/prescriptions/[id]/medications/page.tsx(39,3): error TS2305: Module '"@/hooks/usePrescriptions"' has no exported member 'useSearchMedications'.
app/prescriptions/[id]/medications/page.tsx(42,3): error TS2724: '"@/hooks/usePrescriptions"' has no exported member named 'useRemovePrescriptionMedication'. Did you mean 'usePrescriptionMedications'?
app/prescriptions/[id]/medications/page.tsx(81,5): error TS2322: Type 'Resolver<{ medication_name: string; dosage: string; frequency: string; duration: string; quantity: string; instructions?: string | undefined; is_controlled?: boolean | undefined; generic_allowed?: boolean | undefined; }, any, { ...; }>' is not assignable to type 'Resolver<MedicationFormData, any, MedicationFormData>'.
  Types of parameters 'values' and 'values' are incompatible.
    Type 'MedicationFormData' is not assignable to type '{ medication_name: string; dosage: string; frequency: string; duration: string; quantity: string; instructions?: string | undefined; is_controlled?: boolean | undefined; generic_allowed?: boolean | undefined; }'.
      Types of property 'quantity' are incompatible.
        Type 'number | undefined' is not assignable to type 'string'.
          Type 'undefined' is not assignable to type 'string'.
app/prescriptions/[id]/medications/page.tsx(87,7): error TS2322: Type 'string | number' is not assignable to type 'number | undefined'.
  Type 'string' is not assignable to type 'number'.
app/prescriptions/[id]/medications/page.tsx(140,45): error TS2345: Argument of type '(data: MedicationFormData) => Promise<void>' is not assignable to parameter of type 'SubmitHandler<TFieldValues>'.
  Types of parameters 'data' and 'data' are incompatible.
    Type 'TFieldValues' is not assignable to type 'MedicationFormData'.
      Type 'FieldValues' is missing the following properties from type 'MedicationFormData': medication_name, dosage, frequency, duration, and 2 more.
app/prescriptions/[id]/medications/page.tsx(144,19): error TS2322: Type 'Control<MedicationFormData, any, TFieldValues>' is not assignable to type 'Control<MedicationFormData, any, MedicationFormData>'.
  The types of '_options.resolver' are incompatible between these types.
    Type 'Resolver<MedicationFormData, any, TFieldValues> | undefined' is not assignable to type 'Resolver<MedicationFormData, any, MedicationFormData> | undefined'.
      Type 'Resolver<MedicationFormData, any, TFieldValues>' is not assignable to type 'Resolver<MedicationFormData, any, MedicationFormData>'.
        Type 'TFieldValues' is not assignable to type 'MedicationFormData'.
          Type 'FieldValues' is missing the following properties from type 'MedicationFormData': medication_name, dosage, frequency, duration, and 2 more.
app/prescriptions/[id]/medications/page.tsx(169,41): error TS7006: Parameter 'medication' implicitly has an 'any' type.
app/prescriptions/[id]/medications/page.tsx(169,53): error TS7006: Parameter 'index' implicitly has an 'any' type.
app/prescriptions/[id]/medications/page.tsx(187,17): error TS2322: Type 'Control<MedicationFormData, any, TFieldValues>' is not assignable to type 'Control<MedicationFormData, any, MedicationFormData>'.
  The types of '_options.resolver' are incompatible between these types.
    Type 'Resolver<MedicationFormData, any, TFieldValues> | undefined' is not assignable to type 'Resolver<MedicationFormData, any, MedicationFormData> | undefined'.
      Type 'Resolver<MedicationFormData, any, TFieldValues>' is not assignable to type 'Resolver<MedicationFormData, any, MedicationFormData>'.
        Type 'TFieldValues' is not assignable to type 'MedicationFormData'.
          Type 'FieldValues' is missing the following properties from type 'MedicationFormData': medication_name, dosage, frequency, duration, and 2 more.
app/prescriptions/[id]/medications/page.tsx(203,17): error TS2322: Type 'Control<MedicationFormData, any, TFieldValues>' is not assignable to type 'Control<MedicationFormData, any, MedicationFormData>'.
  The types of '_options.resolver' are incompatible between these types.
    Type 'Resolver<MedicationFormData, any, TFieldValues> | undefined' is not assignable to type 'Resolver<MedicationFormData, any, MedicationFormData> | undefined'.
      Type 'Resolver<MedicationFormData, any, TFieldValues>' is not assignable to type 'Resolver<MedicationFormData, any, MedicationFormData>'.
        Type 'TFieldValues' is not assignable to type 'MedicationFormData'.
          Type 'FieldValues' is missing the following properties from type 'MedicationFormData': medication_name, dosage, frequency, duration, and 2 more.
app/prescriptions/[id]/medications/page.tsx(216,49): error TS2551: Property 'value' does not exist on type '"1x ao dia" | "2x ao dia" | "3x ao dia" | "4x ao dia" | "6x ao dia" | "8x ao dia" | "12x ao dia" | "A cada 4 horas" | "A cada 6 horas" | "A cada 8 horas" | "A cada 12 horas" | "Quando necess├írio" | "Uso cont├¡nuo"'. Did you mean 'valueOf'?
  Property 'value' does not exist on type '"1x ao dia"'.
app/prescriptions/[id]/medications/page.tsx(216,68): error TS2551: Property 'value' does not exist on type '"1x ao dia" | "2x ao dia" | "3x ao dia" | "4x ao dia" | "6x ao dia" | "8x ao dia" | "12x ao dia" | "A cada 4 horas" | "A cada 6 horas" | "A cada 8 horas" | "A cada 12 horas" | "Quando necess├írio" | "Uso cont├¡nuo"'. Did you mean 'valueOf'?
  Property 'value' does not exist on type '"1x ao dia"'.
app/prescriptions/[id]/medications/page.tsx(217,35): error TS2339: Property 'label' does not exist on type '"1x ao dia" | "2x ao dia" | "3x ao dia" | "4x ao dia" | "6x ao dia" | "8x ao dia" | "12x ao dia" | "A cada 4 horas" | "A cada 6 horas" | "A cada 8 horas" | "A cada 12 horas" | "Quando necess├írio" | "Uso cont├¡nuo"'.
  Property 'label' does not exist on type '"1x ao dia"'.
app/prescriptions/[id]/medications/page.tsx(228,17): error TS2322: Type 'Control<MedicationFormData, any, TFieldValues>' is not assignable to type 'Control<MedicationFormData, any, MedicationFormData>'.
  The types of '_options.resolver' are incompatible between these types.
    Type 'Resolver<MedicationFormData, any, TFieldValues> | undefined' is not assignable to type 'Resolver<MedicationFormData, any, MedicationFormData> | undefined'.
      Type 'Resolver<MedicationFormData, any, TFieldValues>' is not assignable to type 'Resolver<MedicationFormData, any, MedicationFormData>'.
        Type 'TFieldValues' is not assignable to type 'MedicationFormData'.
          Type 'FieldValues' is missing the following properties from type 'MedicationFormData': medication_name, dosage, frequency, duration, and 2 more.
app/prescriptions/[id]/medications/page.tsx(241,53): error TS2551: Property 'value' does not exist on type '"Uso cont├¡nuo" | "1 dia" | "3 dias" | "5 dias" | "7 dias" | "10 dias" | "14 dias" | "21 dias" | "30 dias" | "60 dias" | "90 dias"'. Did you mean 'valueOf'?
  Property 'value' does not exist on type '"Uso cont├¡nuo"'.
app/prescriptions/[id]/medications/page.tsx(241,76): error TS2551: Property 'value' does not exist on type '"Uso cont├¡nuo" | "1 dia" | "3 dias" | "5 dias" | "7 dias" | "10 dias" | "14 dias" | "21 dias" | "30 dias" | "60 dias" | "90 dias"'. Did you mean 'valueOf'?
  Property 'value' does not exist on type '"Uso cont├¡nuo"'.
app/prescriptions/[id]/medications/page.tsx(242,39): error TS2339: Property 'label' does not exist on type '"Uso cont├¡nuo" | "1 dia" | "3 dias" | "5 dias" | "7 dias" | "10 dias" | "14 dias" | "21 dias" | "30 dias" | "60 dias" | "90 dias"'.
  Property 'label' does not exist on type '"Uso cont├¡nuo"'.
app/prescriptions/[id]/medications/page.tsx(253,17): error TS2322: Type 'Control<MedicationFormData, any, TFieldValues>' is not assignable to type 'Control<MedicationFormData, any, MedicationFormData>'.
  The types of '_options.resolver' are incompatible between these types.
    Type 'Resolver<MedicationFormData, any, TFieldValues> | undefined' is not assignable to type 'Resolver<MedicationFormData, any, MedicationFormData> | undefined'.
      Type 'Resolver<MedicationFormData, any, TFieldValues>' is not assignable to type 'Resolver<MedicationFormData, any, MedicationFormData>'.
        Type 'TFieldValues' is not assignable to type 'MedicationFormData'.
          Type 'FieldValues' is missing the following properties from type 'MedicationFormData': medication_name, dosage, frequency, duration, and 2 more.
app/prescriptions/[id]/medications/page.tsx(268,15): error TS2322: Type 'Control<MedicationFormData, any, TFieldValues>' is not assignable to type 'Control<MedicationFormData, any, MedicationFormData>'.
  The types of '_options.resolver' are incompatible between these types.
    Type 'Resolver<MedicationFormData, any, TFieldValues> | undefined' is not assignable to type 'Resolver<MedicationFormData, any, MedicationFormData> | undefined'.
      Type 'Resolver<MedicationFormData, any, TFieldValues>' is not assignable to type 'Resolver<MedicationFormData, any, MedicationFormData>'.
        Type 'TFieldValues' is not assignable to type 'MedicationFormData'.
          Type 'FieldValues' is missing the following properties from type 'MedicationFormData': medication_name, dosage, frequency, duration, and 2 more.
app/prescriptions/[id]/medications/page.tsx(287,17): error TS2322: Type 'Control<MedicationFormData, any, TFieldValues>' is not assignable to type 'Control<MedicationFormData, any, MedicationFormData>'.
  The types of '_options.resolver' are incompatible between these types.
    Type 'Resolver<MedicationFormData, any, TFieldValues> | undefined' is not assignable to type 'Resolver<MedicationFormData, any, MedicationFormData> | undefined'.
      Type 'Resolver<MedicationFormData, any, TFieldValues>' is not assignable to type 'Resolver<MedicationFormData, any, MedicationFormData>'.
        Type 'TFieldValues' is not assignable to type 'MedicationFormData'.
          Type 'FieldValues' is missing the following properties from type 'MedicationFormData': medication_name, dosage, frequency, duration, and 2 more.
app/prescriptions/[id]/medications/page.tsx(305,17): error TS2322: Type 'Control<MedicationFormData, any, TFieldValues>' is not assignable to type 'Control<MedicationFormData, any, MedicationFormData>'.
  The types of '_options.resolver' are incompatible between these types.
    Type 'Resolver<MedicationFormData, any, TFieldValues> | undefined' is not assignable to type 'Resolver<MedicationFormData, any, MedicationFormData> | undefined'.
      Type 'Resolver<MedicationFormData, any, TFieldValues>' is not assignable to type 'Resolver<MedicationFormData, any, MedicationFormData>'.
        Type 'TFieldValues' is not assignable to type 'MedicationFormData'.
          Type 'FieldValues' is missing the following properties from type 'MedicationFormData': medication_name, dosage, frequency, duration, and 2 more.
app/prescriptions/[id]/medications/page.tsx(358,33): error TS18047: 'params' is possibly 'null'.
app/prescriptions/[id]/medications/page.tsx(509,33): error TS7006: Parameter 'medication' implicitly has an 'any' type.
app/prescriptions/[id]/medications/page.tsx(602,9): error TS2322: Type '{ open: boolean; onOpenChange: (open: any) => false | void; title: string; description: string; confirmText: string; cancelText: string; onConfirm: () => Promise<void>; variant: "destructive"; }' is not assignable to type 'IntrinsicAttributes & ConfirmDialogProps'.
  Property 'open' does not exist on type 'IntrinsicAttributes & ConfirmDialogProps'.
app/prescriptions/[id]/medications/page.tsx(603,24): error TS7006: Parameter 'open' implicitly has an 'any' type.
app/prescriptions/[id]/page.tsx(21,24): error TS2307: Cannot find module 'date-fns' or its corresponding type declarations.
app/prescriptions/[id]/page.tsx(22,22): error TS2307: Cannot find module 'date-fns/locale' or its corresponding type declarations.
app/prescriptions/[id]/page.tsx(28,33): error TS18047: 'params' is possibly 'null'.
app/prescriptions/[id]/page.tsx(339,37): error TS7006: Parameter 'medication' implicitly has an 'any' type.
app/prescriptions/[id]/page.tsx(339,49): error TS7006: Parameter 'index' implicitly has an 'any' type.
app/prescriptions/[id]/page.tsx(490,9): error TS2322: Type '{ open: boolean; onOpenChange: Dispatch<SetStateAction<boolean>>; title: string; description: string; confirmText: string; cancelText: string; onConfirm: () => Promise<...>; variant: "destructive"; }' is not assignable to type 'IntrinsicAttributes & ConfirmDialogProps'.
  Property 'open' does not exist on type 'IntrinsicAttributes & ConfirmDialogProps'.
app/prescriptions/[id]/page.tsx(501,9): error TS2322: Type '{ open: boolean; onOpenChange: Dispatch<SetStateAction<boolean>>; title: string; description: string; confirmText: string; cancelText: string; onConfirm: () => Promise<...>; variant: "destructive"; }' is not assignable to type 'IntrinsicAttributes & ConfirmDialogProps'.
  Property 'open' does not exist on type 'IntrinsicAttributes & ConfirmDialogProps'.
app/prescriptions/doctor/[doctorId]/page.tsx(106,50): error TS2339: Property 'created_at' does not exist on type 'Prescription'.
app/prescriptions/doctor/[doctorId]/page.tsx(172,56): error TS2339: Property 'updated_at' does not exist on type 'Prescription'.
app/prescriptions/doctor/[doctorId]/page.tsx(241,27): error TS18047: 'params' is possibly 'null'.
app/prescriptions/doctor/[doctorId]/page.tsx(253,5): error TS2353: Object literal may only specify known properties, and 'page' does not exist in type 'PrescriptionFilters'.
app/prescriptions/doctor/[doctorId]/page.tsx(279,13): error TS2339: Property 'start_date' does not exist on type 'PrescriptionFilters'.
app/prescriptions/doctor/[doctorId]/page.tsx(280,13): error TS2339: Property 'end_date' does not exist on type 'PrescriptionFilters'.
app/prescriptions/doctor/[doctorId]/page.tsx(296,34): error TS7006: Parameter 'p' implicitly has an 'any' type.
app/prescriptions/doctor/[doctorId]/page.tsx(297,35): error TS7006: Parameter 'p' implicitly has an 'any' type.
app/prescriptions/doctor/[doctorId]/page.tsx(298,38): error TS7006: Parameter 'p' implicitly has an 'any' type.
app/prescriptions/doctor/[doctorId]/page.tsx(448,40): error TS2339: Property 'map' does not exist on type '{ readonly ACTIVE: "active"; readonly EXPIRED: "expired"; readonly CANCELLED: "cancelled"; readonly DISPENSED: "dispensed"; }'.
app/prescriptions/doctor/[doctorId]/page.tsx(448,45): error TS7006: Parameter 'status' implicitly has an 'any' type.
app/prescriptions/doctor/[doctorId]/page.tsx(534,31): error TS7006: Parameter 'prescription' implicitly has an 'any' type.
app/prescriptions/page.tsx(214,53): error TS7006: Parameter 'prescription' implicitly has an 'any' type.
app/prescriptions/patient/[patientId]/page.tsx(106,50): error TS2339: Property 'created_at' does not exist on type 'Prescription'.
app/prescriptions/patient/[patientId]/page.tsx(172,56): error TS2339: Property 'updated_at' does not exist on type 'Prescription'.
app/prescriptions/patient/[patientId]/page.tsx(196,28): error TS18047: 'params' is possibly 'null'.
app/prescriptions/patient/[patientId]/page.tsx(207,5): error TS2353: Object literal may only specify known properties, and 'page' does not exist in type 'PrescriptionFilters'.
app/prescriptions/patient/[patientId]/page.tsx(339,40): error TS2339: Property 'map' does not exist on type '{ readonly ACTIVE: "active"; readonly EXPIRED: "expired"; readonly CANCELLED: "cancelled"; readonly DISPENSED: "dispensed"; }'.
app/prescriptions/patient/[patientId]/page.tsx(339,45): error TS7006: Parameter 'status' implicitly has an 'any' type.
app/prescriptions/patient/[patientId]/page.tsx(406,31): error TS7006: Parameter 'prescription' implicitly has an 'any' type.
components/beds/AdmissionWizard.tsx(11,26): error TS2307: Cannot find module '@/components/ui/calendar' or its corresponding type declarations.
components/beds/AdmissionWizard.tsx(12,57): error TS2307: Cannot find module '@/components/ui/popover' or its corresponding type declarations.
components/beds/AdmissionWizard.tsx(13,24): error TS2307: Cannot find module 'date-fns' or its corresponding type declarations.
components/beds/AdmissionWizard.tsx(14,22): error TS2307: Cannot find module 'date-fns/locale' or its corresponding type declarations.
components/beds/AdmissionWizard.tsx(31,3): error TS2305: Module '"@/types/beds"' has no exported member 'Patient'.
components/beds/AdmissionWizard.tsx(32,3): error TS2305: Module '"@/types/beds"' has no exported member 'AdmissionForm'.
components/beds/AdmissionWizard.tsx(34,3): error TS2305: Module '"@/types/beds"' has no exported member 'BedType'.
components/beds/AdmissionWizard.tsx(115,33): error TS2339: Property 'base_value' does not exist on type 'DailyRateConfig'.
components/beds/AdmissionWizard.tsx(118,24): error TS18048: 'rate.tiers' is possibly 'undefined'.
components/beds/AdmissionWizard.tsx(118,75): error TS18048: 't.max_days' is possibly 'undefined'.
components/beds/AdmissionWizard.tsx(120,31): error TS2339: Property 'value' does not exist on type 'DailyRateTier'.
components/beds/AdmissionWizard.tsx(265,32): error TS18048: 'bed.room' is possibly 'undefined'.
components/beds/AdmissionWizard.tsx(265,50): error TS18048: 'bed.room' is possibly 'undefined'.
components/beds/AdmissionWizard.tsx(265,50): error TS18048: 'bed.room.department' is possibly 'undefined'.
components/beds/AdmissionWizard.tsx(268,39): error TS18048: 'bed.room' is possibly 'undefined'.
components/beds/AdmissionWizard.tsx(268,48): error TS2339: Property 'floor' does not exist on type 'Room'.
components/beds/AdmissionWizard.tsx(273,26): error TS2367: This comparison appears to be unintentional because the types '"STANDARD" | "ICU" | "PEDIATRIC" | "MATERNITY"' and '"SEMI_ICU"' have no overlap.
components/beds/AdmissionWizard.tsx(274,26): error TS2367: This comparison appears to be unintentional because the types '"STANDARD" | "ICU" | "PEDIATRIC" | "MATERNITY"' and '"ISOLATION"' have no overlap.
components/beds/AdmissionWizard.tsx(317,34): error TS7006: Parameter 'date' implicitly has an 'any' type.
components/beds/AdmissionWizard.tsx(445,52): error TS18048: 'selectedBed.room' is possibly 'undefined'.
components/beds/AdmissionWizard.tsx(446,58): error TS18048: 'selectedBed.room' is possibly 'undefined'.
components/beds/AdmissionWizard.tsx(446,58): error TS18048: 'selectedBed.room.department' is possibly 'undefined'.
components/beds/AdmissionWizard.tsx(447,51): error TS18048: 'selectedBed.room' is possibly 'undefined'.
components/beds/AdmissionWizard.tsx(447,68): error TS2339: Property 'floor' does not exist on type 'Room'.
components/beds/AdmissionWizard.tsx(451,26): error TS2367: This comparison appears to be unintentional because the types '"STANDARD" | "ICU" | "PEDIATRIC" | "MATERNITY"' and '"SEMI_ICU"' have no overlap.
components/beds/AdmissionWizard.tsx(452,26): error TS2367: This comparison appears to be unintentional because the types '"STANDARD" | "ICU" | "PEDIATRIC" | "MATERNITY"' and '"ISOLATION"' have no overlap.
components/beds/BedCard.tsx(22,24): error TS2307: Cannot find module 'date-fns' or its corresponding type declarations.
components/beds/BedCard.tsx(23,22): error TS2307: Cannot find module 'date-fns/locale' or its corresponding type declarations.
components/beds/BedCard.tsx(163,50): error TS18048: 'bed.room' is possibly 'undefined'.
components/beds/BedCard.tsx(194,16): error TS2367: This comparison appears to be unintentional because the types '"PEDIATRIC" | "MATERNITY"' and '"SEMI_ICU"' have no overlap.
components/beds/BedCard.tsx(198,16): error TS2339: Property 'current_patient' does not exist on type 'Bed'.
components/beds/BedCard.tsx(204,26): error TS2339: Property 'current_patient' does not exist on type 'Bed'.
components/beds/BedCard.tsx(207,48): error TS2339: Property 'current_patient' does not exist on type 'Bed'.
components/beds/BedCard.tsx(214,48): error TS2339: Property 'maintenance_reason' does not exist on type 'Bed'.
components/beds/BedCard.tsx(220,58): error TS2339: Property 'maintenance_reason' does not exist on type 'Bed'.
components/beds/BedCard.tsx(227,27): error TS18048: 'bed.room' is possibly 'undefined'.
components/beds/BedCard.tsx(227,27): error TS18048: 'bed.room.department' is possibly 'undefined'.
components/beds/BedCard.tsx(228,27): error TS18048: 'bed.room' is possibly 'undefined'.
components/beds/BedCard.tsx(228,36): error TS2339: Property 'floor' does not exist on type 'Room'.
components/beds/BedGrid.tsx(21,26): error TS2305: Module '"@/types/beds"' has no exported member 'BedType'.
components/beds/BedGrid.tsx(81,54): error TS18048: 'bed.room' is possibly 'undefined'.
components/beds/BedGrid.tsx(81,63): error TS2339: Property 'floor' does not exist on type 'Room'.
components/beds/BedGrid.tsx(90,9): error TS18048: 'bed.room' is possibly 'undefined'.
components/beds/BedGrid.tsx(91,9): error TS18048: 'bed.room' is possibly 'undefined'.
components/beds/BedGrid.tsx(91,9): error TS18048: 'bed.room.department' is possibly 'undefined'.
components/beds/BedGrid.tsx(92,14): error TS2339: Property 'current_patient' does not exist on type 'Bed'.
components/beds/BedGrid.tsx(94,65): error TS18048: 'bed.room' is possibly 'undefined'.
components/beds/BedGrid.tsx(94,65): error TS18048: 'bed.room.department' is possibly 'undefined'.
components/beds/BedGrid.tsx(97,55): error TS18048: 'bed.room' is possibly 'undefined'.
components/beds/BedGrid.tsx(97,64): error TS2339: Property 'floor' does not exist on type 'Room'.
components/beds/DailyRateCalculator.tsx(21,23): error TS2305: Module '"@/types/beds"' has no exported member 'BedType'.
components/beds/DailyRateCalculator.tsx(75,33): error TS2339: Property 'base_value' does not exist on type 'DailyRateConfig'.
components/beds/DailyRateCalculator.tsx(79,18): error TS18048: 'rateConfig.tiers' is possibly 'undefined'.
components/beds/DailyRateCalculator.tsx(79,75): error TS18048: 't.max_days' is possibly 'undefined'.
components/beds/DailyRateCalculator.tsx(81,25): error TS2339: Property 'value' does not exist on type 'DailyRateTier'.
components/beds/DailyRateCalculator.tsx(86,33): error TS2339: Property 'base_value' does not exist on type 'DailyRateConfig'.
components/beds/DailyRateCalculator.tsx(111,37): error TS2339: Property 'base_value' does not exist on type 'DailyRateConfig'.
components/beds/DailyRateCalculator.tsx(114,22): error TS18048: 'rateConfig.tiers' is possibly 'undefined'.
components/beds/DailyRateCalculator.tsx(114,79): error TS18048: 't.max_days' is possibly 'undefined'.
components/beds/DailyRateCalculator.tsx(116,29): error TS2339: Property 'value' does not exist on type 'DailyRateTier'.
components/beds/DailyRateCalculator.tsx(121,37): error TS2339: Property 'base_value' does not exist on type 'DailyRateConfig'.
components/beds/DailyRateCalculator.tsx(310,60): error TS2339: Property 'base_value' does not exist on type 'DailyRateConfig'.
components/beds/DailyRateCalculator.tsx(313,26): error TS18048: 'rateConfig.tiers' is possibly 'undefined'.
components/beds/DailyRateCalculator.tsx(324,80): error TS2339: Property 'value' does not exist on type 'DailyRateTier'.
components/beds/FinancialSummaryCard.tsx(5,26): error TS2307: Cannot find module '@/components/ui/progress' or its corresponding type declarations.
components/beds/FinancialSummaryCard.tsx(20,28): error TS2305: Module '"@/types/beds"' has no exported member 'PaymentStatus'.
components/beds/FinancialSummaryCard.tsx(84,17): error TS2339: Property 'total_amount' does not exist on type 'FinancialSummary'.
components/beds/FinancialSummaryCard.tsx(85,43): error TS2339: Property 'total_amount' does not exist on type 'FinancialSummary'.
components/beds/FinancialSummaryCard.tsx(89,12): error TS7053: Element implicitly has an 'any' type because expression of type 'PaymentStatus' can't be used to index type '{ PENDING: { label: string; color: string; textColor: string; bgColor: string; borderColor: string; icon: Element; }; PARTIAL: { label: string; color: string; textColor: string; bgColor: string; borderColor: string; icon: Element; }; PAID: { ...; }; OVERDUE: { ...; }; }'.
components/beds/FinancialSummaryCard.tsx(102,43): error TS2339: Property 'total_amount' does not exist on type 'FinancialSummary'.
components/beds/FinancialSummaryCard.tsx(171,52): error TS2339: Property 'total_amount' does not exist on type 'FinancialSummary'.
components/beds/FinancialSummaryCard.tsx(177,55): error TS2339: Property 'total_amount' does not exist on type 'FinancialSummary'.
components/beds/FinancialSummaryCard.tsx(183,55): error TS2339: Property 'total_amount' does not exist on type 'FinancialSummary'.
components/beds/FinancialSummaryCard.tsx(188,55): error TS2339: Property 'total_admissions' does not exist on type 'FinancialSummary'.
components/beds/FinancialSummaryCard.tsx(219,22): error TS2339: Property 'revenue_by_payment_type' does not exist on type 'FinancialSummary'.
components/beds/FinancialSummaryCard.tsx(219,51): error TS7006: Parameter 'item' implicitly has an 'any' type.
components/beds/FinancialSummaryCard.tsx(220,42): error TS2339: Property 'total_amount' does not exist on type 'FinancialSummary'.
components/beds/FinancialSummaryCard.tsx(221,42): error TS2339: Property 'total_amount' does not exist on type 'FinancialSummary'.
components/beds/FinancialSummaryCard.tsx(254,16): error TS2339: Property 'recent_admissions' does not exist on type 'FinancialSummary'.
components/beds/FinancialSummaryCard.tsx(254,45): error TS2339: Property 'recent_admissions' does not exist on type 'FinancialSummary'.
components/beds/FinancialSummaryCard.tsx(267,24): error TS2339: Property 'recent_admissions' does not exist on type 'FinancialSummary'.
components/beds/FinancialSummaryCard.tsx(268,25): error TS7006: Parameter 'admission' implicitly has an 'any' type.
components/beds/FinancialSummaryCard.tsx(270,23): error TS7006: Parameter 'admission' implicitly has an 'any' type.
components/beds/FinancialSummaryCard.tsx(360,16): error TS2551: Property 'monthly_revenue' does not exist on type 'FinancialSummary'. Did you mean 'total_revenue'?
components/beds/FinancialSummaryCard.tsx(360,43): error TS2551: Property 'monthly_revenue' does not exist on type 'FinancialSummary'. Did you mean 'total_revenue'?
components/beds/FinancialSummaryCard.tsx(373,24): error TS2551: Property 'monthly_revenue' does not exist on type 'FinancialSummary'. Did you mean 'total_revenue'?
components/beds/FinancialSummaryCard.tsx(373,55): error TS7006: Parameter 'month' implicitly has an 'any' type.
components/beds/FinancialSummaryCard.tsx(373,62): error TS7006: Parameter 'index' implicitly has an 'any' type.
components/beds/FinancialSummaryCard.tsx(374,58): error TS2551: Property 'monthly_revenue' does not exist on type 'FinancialSummary'. Did you mean 'total_revenue'?
components/beds/FinancialSummaryCard.tsx(375,59): error TS2551: Property 'monthly_revenue' does not exist on type 'FinancialSummary'. Did you mean 'total_revenue'?
components/beds/StatusHistoryChart.tsx(96,28): error TS2339: Property 'status' does not exist on type 'BedStatusHistory'.
components/beds/StatusHistoryChart.tsx(99,17): error TS2339: Property 'duration_hours' does not exist on type 'BedStatusHistory'.
components/beds/StatusHistoryChart.tsx(100,74): error TS2339: Property 'duration_hours' does not exist on type 'BedStatusHistory'.
components/beds/StatusHistoryChart.tsx(121,30): error TS2339: Property 'status' does not exist on type 'BedStatusHistory'.
components/beds/StatusHistoryChart.tsx(121,64): error TS2339: Property 'status' does not exist on type 'BedStatusHistory'.
components/beds/StatusHistoryChart.tsx(137,26): error TS2339: Property 'status' does not exist on type 'BedStatusHistory'.
components/beds/StatusHistoryChart.tsx(137,56): error TS2339: Property 'status' does not exist on type 'BedStatusHistory'.
components/beds/StatusHistoryChart.tsx(165,68): error TS2339: Property 'duration_hours' does not exist on type 'BedStatusHistory'.
components/beds/StatusHistoryChart.tsx(172,26): error TS2339: Property 'status' does not exist on type 'BedStatusHistory'.
components/beds/StatusHistoryChart.tsx(172,56): error TS2339: Property 'status' does not exist on type 'BedStatusHistory'.
components/beds/StatusHistoryChart.tsx(318,19): error TS2607: JSX element class does not support attributes because it does not have a 'props' property.
components/beds/StatusHistoryChart.tsx(318,20): error TS2786: 'XAxis' cannot be used as a JSX component.
  Its type 'typeof XAxis' is not a valid JSX element type.
    Type 'typeof XAxis' is not assignable to type 'new (props: any, context: any) => Component<any, any, any>'.
      Type 'XAxis' is missing the following properties from type 'Component<any, any, any>': context, setState, forceUpdate, props, state
components/beds/StatusHistoryChart.tsx(319,20): error TS2786: 'YAxis' cannot be used as a JSX component.
  Its type 'typeof YAxis' is not a valid JSX element type.
    Type 'typeof YAxis' is not assignable to type 'new (props: any, context: any) => Component<any, any, any>'.
      Type 'YAxis' is missing the following properties from type 'Component<any, any, any>': context, setState, forceUpdate, props, state
components/beds/StatusHistoryChart.tsx(328,19): error TS2607: JSX element class does not support attributes because it does not have a 'props' property.
components/beds/StatusHistoryChart.tsx(328,20): error TS2786: 'XAxis' cannot be used as a JSX component.
  Its type 'typeof XAxis' is not a valid JSX element type.
    Type 'typeof XAxis' is not assignable to type 'new (props: any, context: any) => Component<any, any, any>'.
      Type 'XAxis' is missing the following properties from type 'Component<any, any, any>': context, setState, forceUpdate, props, state
components/beds/StatusHistoryChart.tsx(329,20): error TS2786: 'YAxis' cannot be used as a JSX component.
  Its type 'typeof YAxis' is not a valid JSX element type.
    Type 'typeof YAxis' is not assignable to type 'new (props: any, context: any) => Component<any, any, any>'.
      Type 'YAxis' is missing the following properties from type 'Component<any, any, any>': context, setState, forceUpdate, props, state
components/beds/StatusHistoryChart.tsx(358,31): error TS7031: Binding element 'name' implicitly has an 'any' type.
components/beds/StatusHistoryChart.tsx(358,37): error TS7031: Binding element 'percent' implicitly has an 'any' type.
components/beds/StatusHistoryChart.tsx(368,20): error TS2786: 'Legend' cannot be used as a JSX component.
  Its type 'typeof Legend' is not a valid JSX element type.
    Type 'typeof Legend' is not assignable to type 'new (props: any, context: any) => Component<any, any, any>'.
      Type 'Legend' is missing the following properties from type 'Component<any, any, any>': context, setState, forceUpdate, props, state
components/beds/StatusHistoryChart.tsx(393,36): error TS7053: Element implicitly has an 'any' type because expression of type 'any' can't be used to index type '{ AVAILABLE: { label: string; color: string; bgColor: string; textColor: string; }; OCCUPIED: { label: string; color: string; bgColor: string; textColor: string; }; MAINTENANCE: { label: string; color: string; bgColor: string; textColor: string; }; BLOCKED: { ...; }; CLEANING: { ...; }; }'.
components/beds/StatusHistoryChart.tsx(393,55): error TS2339: Property 'status' does not exist on type 'BedStatusHistory'.
components/beds/StatusHistoryChart.tsx(415,30): error TS2339: Property 'duration_hours' does not exist on type 'BedStatusHistory'.
components/beds/StatusHistoryChart.tsx(417,34): error TS2339: Property 'duration_hours' does not exist on type 'BedStatusHistory'.
components/dashboard/header.tsx(71,24): error TS2304: Cannot find name 'cn'.
components/dashboard/sidebar.tsx(22,10): error TS2724: '"@/components/ui/confirm-dialog"' has no exported member named 'LogoutConfirmDialog'. Did you mean 'ConfirmDialog'?
components/dashboard/sidebar.tsx(242,11): error TS2322: Type 'RefObject<HTMLElement | null>' is not assignable to type 'Ref<HTMLDivElement> | undefined'.
  Type 'RefObject<HTMLElement | null>' is not assignable to type 'RefObject<HTMLDivElement | null>'.
    Type 'HTMLElement | null' is not assignable to type 'HTMLDivElement | null'.
      Property 'align' is missing in type 'HTMLElement' but required in type 'HTMLDivElement'.
components/dashboard/sidebar.tsx(261,7): error TS2322: Type 'RefObject<HTMLElement | null>' is not assignable to type 'Ref<HTMLDivElement> | undefined'.
  Type 'RefObject<HTMLElement | null>' is not assignable to type 'RefObject<HTMLDivElement | null>'.
    Type 'HTMLElement | null' is not assignable to type 'HTMLDivElement | null'.
      Property 'align' is missing in type 'HTMLElement' but required in type 'HTMLDivElement'.
components/prescriptions/CreatePrescriptionDialog.tsx(32,33): error TS2305: Module '"@/hooks/usePrescriptions"' has no exported member 'useSearchMedications'.
components/prescriptions/CreatePrescriptionDialog.tsx(87,5): error TS2322: Type 'Resolver<{ medical_record_id: number; patient_id: number; doctor_id: number; prescription_type: "simple" | "controlled" | "special" | "digital"; validity_days: number; medications: { medication_name: string; ... 6 more ...; generic_allowed?: boolean | undefined; }[]; content?: string | undefined; is_controlled?: boo...' is not assignable to type 'Resolver<{ medical_record_id: number; patient_id: number; doctor_id: number; prescription_type: "simple" | "controlled" | "special" | "digital"; validity_days: number; is_controlled: boolean; medications: { ...; }[]; content?: string | undefined; }, any, { ...; }>'.
  Types of parameters 'options' and 'options' are incompatible.
    Type 'ResolverOptions<{ medical_record_id: number; patient_id: number; doctor_id: number; prescription_type: "simple" | "controlled" | "special" | "digital"; validity_days: number; is_controlled: boolean; medications: { ...; }[]; content?: string | undefined; }>' is not assignable to type 'ResolverOptions<{ medical_record_id: number; patient_id: number; doctor_id: number; prescription_type: "simple" | "controlled" | "special" | "digital"; validity_days: number; medications: { medication_name: string; ... 6 more ...; generic_allowed?: boolean | undefined; }[]; content?: string | undefined; is_controlle...'.
      Type 'boolean | undefined' is not assignable to type 'boolean'.
        Type 'undefined' is not assignable to type 'boolean'.
components/prescriptions/CreatePrescriptionDialog.tsx(158,45): error TS2345: Argument of type '(data: FormData) => Promise<void>' is not assignable to parameter of type 'SubmitHandler<TFieldValues>'.
  Types of parameters 'data' and 'data' are incompatible.
    Type 'TFieldValues' is not assignable to type '{ medical_record_id: number; patient_id: number; doctor_id: number; prescription_type: "simple" | "controlled" | "special" | "digital"; validity_days: number; is_controlled: boolean; medications: { ...; }[]; content?: string | undefined; }'.
      Type 'FieldValues' is missing the following properties from type '{ medical_record_id: number; patient_id: number; doctor_id: number; prescription_type: "simple" | "controlled" | "special" | "digital"; validity_days: number; is_controlled: boolean; medications: { ...; }[]; content?: string | undefined; }': medical_record_id, patient_id, doctor_id, prescription_type, and 3 more.
components/prescriptions/CreatePrescriptionDialog.tsx(167,21): error TS2322: Type 'Control<{ medical_record_id: number; patient_id: number; doctor_id: number; prescription_type: "simple" | "controlled" | "special" | "digital"; validity_days: number; is_controlled: boolean; medications: { ...; }[]; content?: string | undefined; }, any, TFieldValues>' is not assignable to type 'Control<{ medical_record_id: number; patient_id: number; doctor_id: number; prescription_type: "simple" | "controlled" | "special" | "digital"; validity_days: number; is_controlled: boolean; medications: { ...; }[]; content?: string | undefined; }, any, { ...; }>'.
  The types of '_options.resolver' are incompatible between these types.
    Type 'Resolver<{ medical_record_id: number; patient_id: number; doctor_id: number; prescription_type: "simple" | "controlled" | "special" | "digital"; validity_days: number; is_controlled: boolean; medications: { ...; }[]; content?: string | undefined; }, any, TFieldValues> | undefined' is not assignable to type 'Resolver<{ medical_record_id: number; patient_id: number; doctor_id: number; prescription_type: "simple" | "controlled" | "special" | "digital"; validity_days: number; is_controlled: boolean; medications: { ...; }[]; content?: string | undefined; }, any, { ...; }> | undefined'.
      Type 'Resolver<{ medical_record_id: number; patient_id: number; doctor_id: number; prescription_type: "simple" | "controlled" | "special" | "digital"; validity_days: number; is_controlled: boolean; medications: { ...; }[]; content?: string | undefined; }, any, TFieldValues>' is not assignable to type 'Resolver<{ medical_record_id: number; patient_id: number; doctor_id: number; prescription_type: "simple" | "controlled" | "special" | "digital"; validity_days: number; is_controlled: boolean; medications: { ...; }[]; content?: string | undefined; }, any, { ...; }>'.
        Type 'TFieldValues' is not assignable to type '{ medical_record_id: number; patient_id: number; doctor_id: number; prescription_type: "simple" | "controlled" | "special" | "digital"; validity_days: number; is_controlled: boolean; medications: { ...; }[]; content?: string | undefined; }'.
          Type 'FieldValues' is missing the following properties from type '{ medical_record_id: number; patient_id: number; doctor_id: number; prescription_type: "simple" | "controlled" | "special" | "digital"; validity_days: number; is_controlled: boolean; medications: { ...; }[]; content?: string | undefined; }': medical_record_id, patient_id, doctor_id, prescription_type, and 3 more.
components/prescriptions/CreatePrescriptionDialog.tsx(186,21): error TS2322: Type 'Control<{ medical_record_id: number; patient_id: number; doctor_id: number; prescription_type: "simple" | "controlled" | "special" | "digital"; validity_days: number; is_controlled: boolean; medications: { ...; }[]; content?: string | undefined; }, any, TFieldValues>' is not assignable to type 'Control<{ medical_record_id: number; patient_id: number; doctor_id: number; prescription_type: "simple" | "controlled" | "special" | "digital"; validity_days: number; is_controlled: boolean; medications: { ...; }[]; content?: string | undefined; }, any, { ...; }>'.
  The types of '_options.resolver' are incompatible between these types.
    Type 'Resolver<{ medical_record_id: number; patient_id: number; doctor_id: number; prescription_type: "simple" | "controlled" | "special" | "digital"; validity_days: number; is_controlled: boolean; medications: { ...; }[]; content?: string | undefined; }, any, TFieldValues> | undefined' is not assignable to type 'Resolver<{ medical_record_id: number; patient_id: number; doctor_id: number; prescription_type: "simple" | "controlled" | "special" | "digital"; validity_days: number; is_controlled: boolean; medications: { ...; }[]; content?: string | undefined; }, any, { ...; }> | undefined'.
      Type 'Resolver<{ medical_record_id: number; patient_id: number; doctor_id: number; prescription_type: "simple" | "controlled" | "special" | "digital"; validity_days: number; is_controlled: boolean; medications: { ...; }[]; content?: string | undefined; }, any, TFieldValues>' is not assignable to type 'Resolver<{ medical_record_id: number; patient_id: number; doctor_id: number; prescription_type: "simple" | "controlled" | "special" | "digital"; validity_days: number; is_controlled: boolean; medications: { ...; }[]; content?: string | undefined; }, any, { ...; }>'.
        Type 'TFieldValues' is not assignable to type '{ medical_record_id: number; patient_id: number; doctor_id: number; prescription_type: "simple" | "controlled" | "special" | "digital"; validity_days: number; is_controlled: boolean; medications: { ...; }[]; content?: string | undefined; }'.
          Type 'FieldValues' is missing the following properties from type '{ medical_record_id: number; patient_id: number; doctor_id: number; prescription_type: "simple" | "controlled" | "special" | "digital"; validity_days: number; is_controlled: boolean; medications: { ...; }[]; content?: string | undefined; }': medical_record_id, patient_id, doctor_id, prescription_type, and 3 more.
components/prescriptions/CreatePrescriptionDialog.tsx(205,21): error TS2322: Type 'Control<{ medical_record_id: number; patient_id: number; doctor_id: number; prescription_type: "simple" | "controlled" | "special" | "digital"; validity_days: number; is_controlled: boolean; medications: { ...; }[]; content?: string | undefined; }, any, TFieldValues>' is not assignable to type 'Control<{ medical_record_id: number; patient_id: number; doctor_id: number; prescription_type: "simple" | "controlled" | "special" | "digital"; validity_days: number; is_controlled: boolean; medications: { ...; }[]; content?: string | undefined; }, any, { ...; }>'.
  The types of '_options.resolver' are incompatible between these types.
    Type 'Resolver<{ medical_record_id: number; patient_id: number; doctor_id: number; prescription_type: "simple" | "controlled" | "special" | "digital"; validity_days: number; is_controlled: boolean; medications: { ...; }[]; content?: string | undefined; }, any, TFieldValues> | undefined' is not assignable to type 'Resolver<{ medical_record_id: number; patient_id: number; doctor_id: number; prescription_type: "simple" | "controlled" | "special" | "digital"; validity_days: number; is_controlled: boolean; medications: { ...; }[]; content?: string | undefined; }, any, { ...; }> | undefined'.
      Type 'Resolver<{ medical_record_id: number; patient_id: number; doctor_id: number; prescription_type: "simple" | "controlled" | "special" | "digital"; validity_days: number; is_controlled: boolean; medications: { ...; }[]; content?: string | undefined; }, any, TFieldValues>' is not assignable to type 'Resolver<{ medical_record_id: number; patient_id: number; doctor_id: number; prescription_type: "simple" | "controlled" | "special" | "digital"; validity_days: number; is_controlled: boolean; medications: { ...; }[]; content?: string | undefined; }, any, { ...; }>'.
        Type 'TFieldValues' is not assignable to type '{ medical_record_id: number; patient_id: number; doctor_id: number; prescription_type: "simple" | "controlled" | "special" | "digital"; validity_days: number; is_controlled: boolean; medications: { ...; }[]; content?: string | undefined; }'.
          Type 'FieldValues' is missing the following properties from type '{ medical_record_id: number; patient_id: number; doctor_id: number; prescription_type: "simple" | "controlled" | "special" | "digital"; validity_days: number; is_controlled: boolean; medications: { ...; }[]; content?: string | undefined; }': medical_record_id, patient_id, doctor_id, prescription_type, and 3 more.
components/prescriptions/CreatePrescriptionDialog.tsx(226,21): error TS2322: Type 'Control<{ medical_record_id: number; patient_id: number; doctor_id: number; prescription_type: "simple" | "controlled" | "special" | "digital"; validity_days: number; is_controlled: boolean; medications: { ...; }[]; content?: string | undefined; }, any, TFieldValues>' is not assignable to type 'Control<{ medical_record_id: number; patient_id: number; doctor_id: number; prescription_type: "simple" | "controlled" | "special" | "digital"; validity_days: number; is_controlled: boolean; medications: { ...; }[]; content?: string | undefined; }, any, { ...; }>'.
  The types of '_options.resolver' are incompatible between these types.
    Type 'Resolver<{ medical_record_id: number; patient_id: number; doctor_id: number; prescription_type: "simple" | "controlled" | "special" | "digital"; validity_days: number; is_controlled: boolean; medications: { ...; }[]; content?: string | undefined; }, any, TFieldValues> | undefined' is not assignable to type 'Resolver<{ medical_record_id: number; patient_id: number; doctor_id: number; prescription_type: "simple" | "controlled" | "special" | "digital"; validity_days: number; is_controlled: boolean; medications: { ...; }[]; content?: string | undefined; }, any, { ...; }> | undefined'.
      Type 'Resolver<{ medical_record_id: number; patient_id: number; doctor_id: number; prescription_type: "simple" | "controlled" | "special" | "digital"; validity_days: number; is_controlled: boolean; medications: { ...; }[]; content?: string | undefined; }, any, TFieldValues>' is not assignable to type 'Resolver<{ medical_record_id: number; patient_id: number; doctor_id: number; prescription_type: "simple" | "controlled" | "special" | "digital"; validity_days: number; is_controlled: boolean; medications: { ...; }[]; content?: string | undefined; }, any, { ...; }>'.
        Type 'TFieldValues' is not assignable to type '{ medical_record_id: number; patient_id: number; doctor_id: number; prescription_type: "simple" | "controlled" | "special" | "digital"; validity_days: number; is_controlled: boolean; medications: { ...; }[]; content?: string | undefined; }'.
          Type 'FieldValues' is missing the following properties from type '{ medical_record_id: number; patient_id: number; doctor_id: number; prescription_type: "simple" | "controlled" | "special" | "digital"; validity_days: number; is_controlled: boolean; medications: { ...; }[]; content?: string | undefined; }': medical_record_id, patient_id, doctor_id, prescription_type, and 3 more.
components/prescriptions/CreatePrescriptionDialog.tsx(250,21): error TS2322: Type 'Control<{ medical_record_id: number; patient_id: number; doctor_id: number; prescription_type: "simple" | "controlled" | "special" | "digital"; validity_days: number; is_controlled: boolean; medications: { ...; }[]; content?: string | undefined; }, any, TFieldValues>' is not assignable to type 'Control<{ medical_record_id: number; patient_id: number; doctor_id: number; prescription_type: "simple" | "controlled" | "special" | "digital"; validity_days: number; is_controlled: boolean; medications: { ...; }[]; content?: string | undefined; }, any, { ...; }>'.
  The types of '_options.resolver' are incompatible between these types.
    Type 'Resolver<{ medical_record_id: number; patient_id: number; doctor_id: number; prescription_type: "simple" | "controlled" | "special" | "digital"; validity_days: number; is_controlled: boolean; medications: { ...; }[]; content?: string | undefined; }, any, TFieldValues> | undefined' is not assignable to type 'Resolver<{ medical_record_id: number; patient_id: number; doctor_id: number; prescription_type: "simple" | "controlled" | "special" | "digital"; validity_days: number; is_controlled: boolean; medications: { ...; }[]; content?: string | undefined; }, any, { ...; }> | undefined'.
      Type 'Resolver<{ medical_record_id: number; patient_id: number; doctor_id: number; prescription_type: "simple" | "controlled" | "special" | "digital"; validity_days: number; is_controlled: boolean; medications: { ...; }[]; content?: string | undefined; }, any, TFieldValues>' is not assignable to type 'Resolver<{ medical_record_id: number; patient_id: number; doctor_id: number; prescription_type: "simple" | "controlled" | "special" | "digital"; validity_days: number; is_controlled: boolean; medications: { ...; }[]; content?: string | undefined; }, any, { ...; }>'.
        Type 'TFieldValues' is not assignable to type '{ medical_record_id: number; patient_id: number; doctor_id: number; prescription_type: "simple" | "controlled" | "special" | "digital"; validity_days: number; is_controlled: boolean; medications: { ...; }[]; content?: string | undefined; }'.
          Type 'FieldValues' is missing the following properties from type '{ medical_record_id: number; patient_id: number; doctor_id: number; prescription_type: "simple" | "controlled" | "special" | "digital"; validity_days: number; is_controlled: boolean; medications: { ...; }[]; content?: string | undefined; }': medical_record_id, patient_id, doctor_id, prescription_type, and 3 more.
components/prescriptions/CreatePrescriptionDialog.tsx(272,21): error TS2322: Type 'Control<{ medical_record_id: number; patient_id: number; doctor_id: number; prescription_type: "simple" | "controlled" | "special" | "digital"; validity_days: number; is_controlled: boolean; medications: { ...; }[]; content?: string | undefined; }, any, TFieldValues>' is not assignable to type 'Control<{ medical_record_id: number; patient_id: number; doctor_id: number; prescription_type: "simple" | "controlled" | "special" | "digital"; validity_days: number; is_controlled: boolean; medications: { ...; }[]; content?: string | undefined; }, any, { ...; }>'.
  The types of '_options.resolver' are incompatible between these types.
    Type 'Resolver<{ medical_record_id: number; patient_id: number; doctor_id: number; prescription_type: "simple" | "controlled" | "special" | "digital"; validity_days: number; is_controlled: boolean; medications: { ...; }[]; content?: string | undefined; }, any, TFieldValues> | undefined' is not assignable to type 'Resolver<{ medical_record_id: number; patient_id: number; doctor_id: number; prescription_type: "simple" | "controlled" | "special" | "digital"; validity_days: number; is_controlled: boolean; medications: { ...; }[]; content?: string | undefined; }, any, { ...; }> | undefined'.
      Type 'Resolver<{ medical_record_id: number; patient_id: number; doctor_id: number; prescription_type: "simple" | "controlled" | "special" | "digital"; validity_days: number; is_controlled: boolean; medications: { ...; }[]; content?: string | undefined; }, any, TFieldValues>' is not assignable to type 'Resolver<{ medical_record_id: number; patient_id: number; doctor_id: number; prescription_type: "simple" | "controlled" | "special" | "digital"; validity_days: number; is_controlled: boolean; medications: { ...; }[]; content?: string | undefined; }, any, { ...; }>'.
        Type 'TFieldValues' is not assignable to type '{ medical_record_id: number; patient_id: number; doctor_id: number; prescription_type: "simple" | "controlled" | "special" | "digital"; validity_days: number; is_controlled: boolean; medications: { ...; }[]; content?: string | undefined; }'.
          Type 'FieldValues' is missing the following properties from type '{ medical_record_id: number; patient_id: number; doctor_id: number; prescription_type: "simple" | "controlled" | "special" | "digital"; validity_days: number; is_controlled: boolean; medications: { ...; }[]; content?: string | undefined; }': medical_record_id, patient_id, doctor_id, prescription_type, and 3 more.
components/prescriptions/CreatePrescriptionDialog.tsx(298,19): error TS2322: Type 'Control<{ medical_record_id: number; patient_id: number; doctor_id: number; prescription_type: "simple" | "controlled" | "special" | "digital"; validity_days: number; is_controlled: boolean; medications: { ...; }[]; content?: string | undefined; }, any, TFieldValues>' is not assignable to type 'Control<{ medical_record_id: number; patient_id: number; doctor_id: number; prescription_type: "simple" | "controlled" | "special" | "digital"; validity_days: number; is_controlled: boolean; medications: { ...; }[]; content?: string | undefined; }, any, { ...; }>'.
  The types of '_options.resolver' are incompatible between these types.
    Type 'Resolver<{ medical_record_id: number; patient_id: number; doctor_id: number; prescription_type: "simple" | "controlled" | "special" | "digital"; validity_days: number; is_controlled: boolean; medications: { ...; }[]; content?: string | undefined; }, any, TFieldValues> | undefined' is not assignable to type 'Resolver<{ medical_record_id: number; patient_id: number; doctor_id: number; prescription_type: "simple" | "controlled" | "special" | "digital"; validity_days: number; is_controlled: boolean; medications: { ...; }[]; content?: string | undefined; }, any, { ...; }> | undefined'.
      Type 'Resolver<{ medical_record_id: number; patient_id: number; doctor_id: number; prescription_type: "simple" | "controlled" | "special" | "digital"; validity_days: number; is_controlled: boolean; medications: { ...; }[]; content?: string | undefined; }, any, TFieldValues>' is not assignable to type 'Resolver<{ medical_record_id: number; patient_id: number; doctor_id: number; prescription_type: "simple" | "controlled" | "special" | "digital"; validity_days: number; is_controlled: boolean; medications: { ...; }[]; content?: string | undefined; }, any, { ...; }>'.
        Type 'TFieldValues' is not assignable to type '{ medical_record_id: number; patient_id: number; doctor_id: number; prescription_type: "simple" | "controlled" | "special" | "digital"; validity_days: number; is_controlled: boolean; medications: { ...; }[]; content?: string | undefined; }'.
          Type 'FieldValues' is missing the following properties from type '{ medical_record_id: number; patient_id: number; doctor_id: number; prescription_type: "simple" | "controlled" | "special" | "digital"; validity_days: number; is_controlled: boolean; medications: { ...; }[]; content?: string | undefined; }': medical_record_id, patient_id, doctor_id, prescription_type, and 3 more.
components/prescriptions/CreatePrescriptionDialog.tsx(345,27): error TS2322: Type 'Control<{ medical_record_id: number; patient_id: number; doctor_id: number; prescription_type: "simple" | "controlled" | "special" | "digital"; validity_days: number; is_controlled: boolean; medications: { ...; }[]; content?: string | undefined; }, any, TFieldValues>' is not assignable to type 'Control<{ medical_record_id: number; patient_id: number; doctor_id: number; prescription_type: "simple" | "controlled" | "special" | "digital"; validity_days: number; is_controlled: boolean; medications: { ...; }[]; content?: string | undefined; }, any, { ...; }>'.
  The types of '_options.resolver' are incompatible between these types.
    Type 'Resolver<{ medical_record_id: number; patient_id: number; doctor_id: number; prescription_type: "simple" | "controlled" | "special" | "digital"; validity_days: number; is_controlled: boolean; medications: { ...; }[]; content?: string | undefined; }, any, TFieldValues> | undefined' is not assignable to type 'Resolver<{ medical_record_id: number; patient_id: number; doctor_id: number; prescription_type: "simple" | "controlled" | "special" | "digital"; validity_days: number; is_controlled: boolean; medications: { ...; }[]; content?: string | undefined; }, any, { ...; }> | undefined'.
      Type 'Resolver<{ medical_record_id: number; patient_id: number; doctor_id: number; prescription_type: "simple" | "controlled" | "special" | "digital"; validity_days: number; is_controlled: boolean; medications: { ...; }[]; content?: string | undefined; }, any, TFieldValues>' is not assignable to type 'Resolver<{ medical_record_id: number; patient_id: number; doctor_id: number; prescription_type: "simple" | "controlled" | "special" | "digital"; validity_days: number; is_controlled: boolean; medications: { ...; }[]; content?: string | undefined; }, any, { ...; }>'.
        Type 'TFieldValues' is not assignable to type '{ medical_record_id: number; patient_id: number; doctor_id: number; prescription_type: "simple" | "controlled" | "special" | "digital"; validity_days: number; is_controlled: boolean; medications: { ...; }[]; content?: string | undefined; }'.
          Type 'FieldValues' is missing the following properties from type '{ medical_record_id: number; patient_id: number; doctor_id: number; prescription_type: "simple" | "controlled" | "special" | "digital"; validity_days: number; is_controlled: boolean; medications: { ...; }[]; content?: string | undefined; }': medical_record_id, patient_id, doctor_id, prescription_type, and 3 more.
components/prescriptions/CreatePrescriptionDialog.tsx(382,61): error TS7006: Parameter 'med' implicitly has an 'any' type.
components/prescriptions/CreatePrescriptionDialog.tsx(382,66): error TS7006: Parameter 'medIndex' implicitly has an 'any' type.
components/prescriptions/CreatePrescriptionDialog.tsx(406,27): error TS2322: Type 'Control<{ medical_record_id: number; patient_id: number; doctor_id: number; prescription_type: "simple" | "controlled" | "special" | "digital"; validity_days: number; is_controlled: boolean; medications: { ...; }[]; content?: string | undefined; }, any, TFieldValues>' is not assignable to type 'Control<{ medical_record_id: number; patient_id: number; doctor_id: number; prescription_type: "simple" | "controlled" | "special" | "digital"; validity_days: number; is_controlled: boolean; medications: { ...; }[]; content?: string | undefined; }, any, { ...; }>'.
  The types of '_options.resolver' are incompatible between these types.
    Type 'Resolver<{ medical_record_id: number; patient_id: number; doctor_id: number; prescription_type: "simple" | "controlled" | "special" | "digital"; validity_days: number; is_controlled: boolean; medications: { ...; }[]; content?: string | undefined; }, any, TFieldValues> | undefined' is not assignable to type 'Resolver<{ medical_record_id: number; patient_id: number; doctor_id: number; prescription_type: "simple" | "controlled" | "special" | "digital"; validity_days: number; is_controlled: boolean; medications: { ...; }[]; content?: string | undefined; }, any, { ...; }> | undefined'.
      Type 'Resolver<{ medical_record_id: number; patient_id: number; doctor_id: number; prescription_type: "simple" | "controlled" | "special" | "digital"; validity_days: number; is_controlled: boolean; medications: { ...; }[]; content?: string | undefined; }, any, TFieldValues>' is not assignable to type 'Resolver<{ medical_record_id: number; patient_id: number; doctor_id: number; prescription_type: "simple" | "controlled" | "special" | "digital"; validity_days: number; is_controlled: boolean; medications: { ...; }[]; content?: string | undefined; }, any, { ...; }>'.
        Type 'TFieldValues' is not assignable to type '{ medical_record_id: number; patient_id: number; doctor_id: number; prescription_type: "simple" | "controlled" | "special" | "digital"; validity_days: number; is_controlled: boolean; medications: { ...; }[]; content?: string | undefined; }'.
          Type 'FieldValues' is missing the following properties from type '{ medical_record_id: number; patient_id: number; doctor_id: number; prescription_type: "simple" | "controlled" | "special" | "digital"; validity_days: number; is_controlled: boolean; medications: { ...; }[]; content?: string | undefined; }': medical_record_id, patient_id, doctor_id, prescription_type, and 3 more.
components/prescriptions/CreatePrescriptionDialog.tsx(422,27): error TS2322: Type 'Control<{ medical_record_id: number; patient_id: number; doctor_id: number; prescription_type: "simple" | "controlled" | "special" | "digital"; validity_days: number; is_controlled: boolean; medications: { ...; }[]; content?: string | undefined; }, any, TFieldValues>' is not assignable to type 'Control<{ medical_record_id: number; patient_id: number; doctor_id: number; prescription_type: "simple" | "controlled" | "special" | "digital"; validity_days: number; is_controlled: boolean; medications: { ...; }[]; content?: string | undefined; }, any, { ...; }>'.
  The types of '_options.resolver' are incompatible between these types.
    Type 'Resolver<{ medical_record_id: number; patient_id: number; doctor_id: number; prescription_type: "simple" | "controlled" | "special" | "digital"; validity_days: number; is_controlled: boolean; medications: { ...; }[]; content?: string | undefined; }, any, TFieldValues> | undefined' is not assignable to type 'Resolver<{ medical_record_id: number; patient_id: number; doctor_id: number; prescription_type: "simple" | "controlled" | "special" | "digital"; validity_days: number; is_controlled: boolean; medications: { ...; }[]; content?: string | undefined; }, any, { ...; }> | undefined'.
      Type 'Resolver<{ medical_record_id: number; patient_id: number; doctor_id: number; prescription_type: "simple" | "controlled" | "special" | "digital"; validity_days: number; is_controlled: boolean; medications: { ...; }[]; content?: string | undefined; }, any, TFieldValues>' is not assignable to type 'Resolver<{ medical_record_id: number; patient_id: number; doctor_id: number; prescription_type: "simple" | "controlled" | "special" | "digital"; validity_days: number; is_controlled: boolean; medications: { ...; }[]; content?: string | undefined; }, any, { ...; }>'.
        Type 'TFieldValues' is not assignable to type '{ medical_record_id: number; patient_id: number; doctor_id: number; prescription_type: "simple" | "controlled" | "special" | "digital"; validity_days: number; is_controlled: boolean; medications: { ...; }[]; content?: string | undefined; }'.
          Type 'FieldValues' is missing the following properties from type '{ medical_record_id: number; patient_id: number; doctor_id: number; prescription_type: "simple" | "controlled" | "special" | "digital"; validity_days: number; is_controlled: boolean; medications: { ...; }[]; content?: string | undefined; }': medical_record_id, patient_id, doctor_id, prescription_type, and 3 more.
components/prescriptions/CreatePrescriptionDialog.tsx(435,59): error TS2551: Property 'value' does not exist on type '"1x ao dia" | "2x ao dia" | "3x ao dia" | "4x ao dia" | "6x ao dia" | "8x ao dia" | "12x ao dia" | "A cada 4 horas" | "A cada 6 horas" | "A cada 8 horas" | "A cada 12 horas" | "Quando necess├írio" | "Uso cont├¡nuo"'. Did you mean 'valueOf'?
  Property 'value' does not exist on type '"1x ao dia"'.
components/prescriptions/CreatePrescriptionDialog.tsx(435,78): error TS2551: Property 'value' does not exist on type '"1x ao dia" | "2x ao dia" | "3x ao dia" | "4x ao dia" | "6x ao dia" | "8x ao dia" | "12x ao dia" | "A cada 4 horas" | "A cada 6 horas" | "A cada 8 horas" | "A cada 12 horas" | "Quando necess├írio" | "Uso cont├¡nuo"'. Did you mean 'valueOf'?
  Property 'value' does not exist on type '"1x ao dia"'.
components/prescriptions/CreatePrescriptionDialog.tsx(436,45): error TS2339: Property 'label' does not exist on type '"1x ao dia" | "2x ao dia" | "3x ao dia" | "4x ao dia" | "6x ao dia" | "8x ao dia" | "12x ao dia" | "A cada 4 horas" | "A cada 6 horas" | "A cada 8 horas" | "A cada 12 horas" | "Quando necess├írio" | "Uso cont├¡nuo"'.
  Property 'label' does not exist on type '"1x ao dia"'.
components/prescriptions/CreatePrescriptionDialog.tsx(447,27): error TS2322: Type 'Control<{ medical_record_id: number; patient_id: number; doctor_id: number; prescription_type: "simple" | "controlled" | "special" | "digital"; validity_days: number; is_controlled: boolean; medications: { ...; }[]; content?: string | undefined; }, any, TFieldValues>' is not assignable to type 'Control<{ medical_record_id: number; patient_id: number; doctor_id: number; prescription_type: "simple" | "controlled" | "special" | "digital"; validity_days: number; is_controlled: boolean; medications: { ...; }[]; content?: string | undefined; }, any, { ...; }>'.
  The types of '_options.resolver' are incompatible between these types.
    Type 'Resolver<{ medical_record_id: number; patient_id: number; doctor_id: number; prescription_type: "simple" | "controlled" | "special" | "digital"; validity_days: number; is_controlled: boolean; medications: { ...; }[]; content?: string | undefined; }, any, TFieldValues> | undefined' is not assignable to type 'Resolver<{ medical_record_id: number; patient_id: number; doctor_id: number; prescription_type: "simple" | "controlled" | "special" | "digital"; validity_days: number; is_controlled: boolean; medications: { ...; }[]; content?: string | undefined; }, any, { ...; }> | undefined'.
      Type 'Resolver<{ medical_record_id: number; patient_id: number; doctor_id: number; prescription_type: "simple" | "controlled" | "special" | "digital"; validity_days: number; is_controlled: boolean; medications: { ...; }[]; content?: string | undefined; }, any, TFieldValues>' is not assignable to type 'Resolver<{ medical_record_id: number; patient_id: number; doctor_id: number; prescription_type: "simple" | "controlled" | "special" | "digital"; validity_days: number; is_controlled: boolean; medications: { ...; }[]; content?: string | undefined; }, any, { ...; }>'.
        Type 'TFieldValues' is not assignable to type '{ medical_record_id: number; patient_id: number; doctor_id: number; prescription_type: "simple" | "controlled" | "special" | "digital"; validity_days: number; is_controlled: boolean; medications: { ...; }[]; content?: string | undefined; }'.
          Type 'FieldValues' is missing the following properties from type '{ medical_record_id: number; patient_id: number; doctor_id: number; prescription_type: "simple" | "controlled" | "special" | "digital"; validity_days: number; is_controlled: boolean; medications: { ...; }[]; content?: string | undefined; }': medical_record_id, patient_id, doctor_id, prescription_type, and 3 more.
components/prescriptions/CreatePrescriptionDialog.tsx(460,63): error TS2551: Property 'value' does not exist on type '"Uso cont├¡nuo" | "1 dia" | "3 dias" | "5 dias" | "7 dias" | "10 dias" | "14 dias" | "21 dias" | "30 dias" | "60 dias" | "90 dias"'. Did you mean 'valueOf'?
  Property 'value' does not exist on type '"Uso cont├¡nuo"'.
components/prescriptions/CreatePrescriptionDialog.tsx(460,86): error TS2551: Property 'value' does not exist on type '"Uso cont├¡nuo" | "1 dia" | "3 dias" | "5 dias" | "7 dias" | "10 dias" | "14 dias" | "21 dias" | "30 dias" | "60 dias" | "90 dias"'. Did you mean 'valueOf'?
  Property 'value' does not exist on type '"Uso cont├¡nuo"'.
components/prescriptions/CreatePrescriptionDialog.tsx(461,49): error TS2339: Property 'label' does not exist on type '"Uso cont├¡nuo" | "1 dia" | "3 dias" | "5 dias" | "7 dias" | "10 dias" | "14 dias" | "21 dias" | "30 dias" | "60 dias" | "90 dias"'.
  Property 'label' does not exist on type '"Uso cont├¡nuo"'.
components/prescriptions/CreatePrescriptionDialog.tsx(472,27): error TS2322: Type 'Control<{ medical_record_id: number; patient_id: number; doctor_id: number; prescription_type: "simple" | "controlled" | "special" | "digital"; validity_days: number; is_controlled: boolean; medications: { ...; }[]; content?: string | undefined; }, any, TFieldValues>' is not assignable to type 'Control<{ medical_record_id: number; patient_id: number; doctor_id: number; prescription_type: "simple" | "controlled" | "special" | "digital"; validity_days: number; is_controlled: boolean; medications: { ...; }[]; content?: string | undefined; }, any, { ...; }>'.
  The types of '_options.resolver' are incompatible between these types.
    Type 'Resolver<{ medical_record_id: number; patient_id: number; doctor_id: number; prescription_type: "simple" | "controlled" | "special" | "digital"; validity_days: number; is_controlled: boolean; medications: { ...; }[]; content?: string | undefined; }, any, TFieldValues> | undefined' is not assignable to type 'Resolver<{ medical_record_id: number; patient_id: number; doctor_id: number; prescription_type: "simple" | "controlled" | "special" | "digital"; validity_days: number; is_controlled: boolean; medications: { ...; }[]; content?: string | undefined; }, any, { ...; }> | undefined'.
      Type 'Resolver<{ medical_record_id: number; patient_id: number; doctor_id: number; prescription_type: "simple" | "controlled" | "special" | "digital"; validity_days: number; is_controlled: boolean; medications: { ...; }[]; content?: string | undefined; }, any, TFieldValues>' is not assignable to type 'Resolver<{ medical_record_id: number; patient_id: number; doctor_id: number; prescription_type: "simple" | "controlled" | "special" | "digital"; validity_days: number; is_controlled: boolean; medications: { ...; }[]; content?: string | undefined; }, any, { ...; }>'.
        Type 'TFieldValues' is not assignable to type '{ medical_record_id: number; patient_id: number; doctor_id: number; prescription_type: "simple" | "controlled" | "special" | "digital"; validity_days: number; is_controlled: boolean; medications: { ...; }[]; content?: string | undefined; }'.
          Type 'FieldValues' is missing the following properties from type '{ medical_record_id: number; patient_id: number; doctor_id: number; prescription_type: "simple" | "controlled" | "special" | "digital"; validity_days: number; is_controlled: boolean; medications: { ...; }[]; content?: string | undefined; }': medical_record_id, patient_id, doctor_id, prescription_type, and 3 more.
components/prescriptions/CreatePrescriptionDialog.tsx(493,27): error TS2322: Type 'Control<{ medical_record_id: number; patient_id: number; doctor_id: number; prescription_type: "simple" | "controlled" | "special" | "digital"; validity_days: number; is_controlled: boolean; medications: { ...; }[]; content?: string | undefined; }, any, TFieldValues>' is not assignable to type 'Control<{ medical_record_id: number; patient_id: number; doctor_id: number; prescription_type: "simple" | "controlled" | "special" | "digital"; validity_days: number; is_controlled: boolean; medications: { ...; }[]; content?: string | undefined; }, any, { ...; }>'.
  The types of '_options.resolver' are incompatible between these types.
    Type 'Resolver<{ medical_record_id: number; patient_id: number; doctor_id: number; prescription_type: "simple" | "controlled" | "special" | "digital"; validity_days: number; is_controlled: boolean; medications: { ...; }[]; content?: string | undefined; }, any, TFieldValues> | undefined' is not assignable to type 'Resolver<{ medical_record_id: number; patient_id: number; doctor_id: number; prescription_type: "simple" | "controlled" | "special" | "digital"; validity_days: number; is_controlled: boolean; medications: { ...; }[]; content?: string | undefined; }, any, { ...; }> | undefined'.
      Type 'Resolver<{ medical_record_id: number; patient_id: number; doctor_id: number; prescription_type: "simple" | "controlled" | "special" | "digital"; validity_days: number; is_controlled: boolean; medications: { ...; }[]; content?: string | undefined; }, any, TFieldValues>' is not assignable to type 'Resolver<{ medical_record_id: number; patient_id: number; doctor_id: number; prescription_type: "simple" | "controlled" | "special" | "digital"; validity_days: number; is_controlled: boolean; medications: { ...; }[]; content?: string | undefined; }, any, { ...; }>'.
        Type 'TFieldValues' is not assignable to type '{ medical_record_id: number; patient_id: number; doctor_id: number; prescription_type: "simple" | "controlled" | "special" | "digital"; validity_days: number; is_controlled: boolean; medications: { ...; }[]; content?: string | undefined; }'.
          Type 'FieldValues' is missing the following properties from type '{ medical_record_id: number; patient_id: number; doctor_id: number; prescription_type: "simple" | "controlled" | "special" | "digital"; validity_days: number; is_controlled: boolean; medications: { ...; }[]; content?: string | undefined; }': medical_record_id, patient_id, doctor_id, prescription_type, and 3 more.
components/prescriptions/CreatePrescriptionDialog.tsx(518,27): error TS2322: Type 'Control<{ medical_record_id: number; patient_id: number; doctor_id: number; prescription_type: "simple" | "controlled" | "special" | "digital"; validity_days: number; is_controlled: boolean; medications: { ...; }[]; content?: string | undefined; }, any, TFieldValues>' is not assignable to type 'Control<{ medical_record_id: number; patient_id: number; doctor_id: number; prescription_type: "simple" | "controlled" | "special" | "digital"; validity_days: number; is_controlled: boolean; medications: { ...; }[]; content?: string | undefined; }, any, { ...; }>'.
  The types of '_options.resolver' are incompatible between these types.
    Type 'Resolver<{ medical_record_id: number; patient_id: number; doctor_id: number; prescription_type: "simple" | "controlled" | "special" | "digital"; validity_days: number; is_controlled: boolean; medications: { ...; }[]; content?: string | undefined; }, any, TFieldValues> | undefined' is not assignable to type 'Resolver<{ medical_record_id: number; patient_id: number; doctor_id: number; prescription_type: "simple" | "controlled" | "special" | "digital"; validity_days: number; is_controlled: boolean; medications: { ...; }[]; content?: string | undefined; }, any, { ...; }> | undefined'.
      Type 'Resolver<{ medical_record_id: number; patient_id: number; doctor_id: number; prescription_type: "simple" | "controlled" | "special" | "digital"; validity_days: number; is_controlled: boolean; medications: { ...; }[]; content?: string | undefined; }, any, TFieldValues>' is not assignable to type 'Resolver<{ medical_record_id: number; patient_id: number; doctor_id: number; prescription_type: "simple" | "controlled" | "special" | "digital"; validity_days: number; is_controlled: boolean; medications: { ...; }[]; content?: string | undefined; }, any, { ...; }>'.
        Type 'TFieldValues' is not assignable to type '{ medical_record_id: number; patient_id: number; doctor_id: number; prescription_type: "simple" | "controlled" | "special" | "digital"; validity_days: number; is_controlled: boolean; medications: { ...; }[]; content?: string | undefined; }'.
          Type 'FieldValues' is missing the following properties from type '{ medical_record_id: number; patient_id: number; doctor_id: number; prescription_type: "simple" | "controlled" | "special" | "digital"; validity_days: number; is_controlled: boolean; medications: { ...; }[]; content?: string | undefined; }': medical_record_id, patient_id, doctor_id, prescription_type, and 3 more.
components/prescriptions/CreatePrescriptionDialog.tsx(544,25): error TS2322: Type 'Control<{ medical_record_id: number; patient_id: number; doctor_id: number; prescription_type: "simple" | "controlled" | "special" | "digital"; validity_days: number; is_controlled: boolean; medications: { ...; }[]; content?: string | undefined; }, any, TFieldValues>' is not assignable to type 'Control<{ medical_record_id: number; patient_id: number; doctor_id: number; prescription_type: "simple" | "controlled" | "special" | "digital"; validity_days: number; is_controlled: boolean; medications: { ...; }[]; content?: string | undefined; }, any, { ...; }>'.
  The types of '_options.resolver' are incompatible between these types.
    Type 'Resolver<{ medical_record_id: number; patient_id: number; doctor_id: number; prescription_type: "simple" | "controlled" | "special" | "digital"; validity_days: number; is_controlled: boolean; medications: { ...; }[]; content?: string | undefined; }, any, TFieldValues> | undefined' is not assignable to type 'Resolver<{ medical_record_id: number; patient_id: number; doctor_id: number; prescription_type: "simple" | "controlled" | "special" | "digital"; validity_days: number; is_controlled: boolean; medications: { ...; }[]; content?: string | undefined; }, any, { ...; }> | undefined'.
      Type 'Resolver<{ medical_record_id: number; patient_id: number; doctor_id: number; prescription_type: "simple" | "controlled" | "special" | "digital"; validity_days: number; is_controlled: boolean; medications: { ...; }[]; content?: string | undefined; }, any, TFieldValues>' is not assignable to type 'Resolver<{ medical_record_id: number; patient_id: number; doctor_id: number; prescription_type: "simple" | "controlled" | "special" | "digital"; validity_days: number; is_controlled: boolean; medications: { ...; }[]; content?: string | undefined; }, any, { ...; }>'.
        Type 'TFieldValues' is not assignable to type '{ medical_record_id: number; patient_id: number; doctor_id: number; prescription_type: "simple" | "controlled" | "special" | "digital"; validity_days: number; is_controlled: boolean; medications: { ...; }[]; content?: string | undefined; }'.
          Type 'FieldValues' is missing the following properties from type '{ medical_record_id: number; patient_id: number; doctor_id: number; prescription_type: "simple" | "controlled" | "special" | "digital"; validity_days: number; is_controlled: boolean; medications: { ...; }[]; content?: string | undefined; }': medical_record_id, patient_id, doctor_id, prescription_type, and 3 more.
components/prescriptions/MedicationSearch.tsx(9,10): error TS2305: Module '"@/hooks/usePrescriptions"' has no exported member 'useSearchMedications'.
components/prescriptions/MedicationSearch.tsx(10,10): error TS2440: Import declaration conflicts with local declaration of 'useDebounce'.
components/prescriptions/MedicationSearch.tsx(184,35): error TS7006: Parameter 'medication' implicitly has an 'any' type.
components/prescriptions/MedicationSearch.tsx(184,47): error TS7006: Parameter 'index' implicitly has an 'any' type.
components/prescriptions/PrescriptionCard.tsx(4,24): error TS2307: Cannot find module 'date-fns' or its corresponding type declarations.
components/prescriptions/PrescriptionCard.tsx(5,22): error TS2307: Cannot find module 'date-fns/locale' or its corresponding type declarations.
components/prescriptions/PrescriptionCard.tsx(106,20): error TS7053: Element implicitly has an 'any' type because expression of type 'string' can't be used to index type '{ active: { variant: "default"; icon: ForwardRefExoticComponent<Omit<LucideProps, "ref"> & RefAttributes<SVGSVGElement>>; label: string; className: string; }; expired: { ...; }; cancelled: { ...; }; dispensed: { ...; }; }'.
  No index signature with a parameter of type 'string' was found on type '{ active: { variant: "default"; icon: ForwardRefExoticComponent<Omit<LucideProps, "ref"> & RefAttributes<SVGSVGElement>>; label: string; className: string; }; expired: { ...; }; cancelled: { ...; }; dispensed: { ...; }; }'.
components/prescriptions/PrescriptionCard.tsx(130,57): error TS2339: Property 'avatar' does not exist on type '{ id: number; name: string; cpf: string; birth_date: string; }'.
components/prescriptions/PrescriptionCard.tsx(286,9): error TS2322: Type '{ open: boolean; onOpenChange: Dispatch<SetStateAction<boolean>>; title: string; description: string; confirmText: string; cancelText: string; variant: "destructive"; onConfirm: () => void; loading: any; }' is not assignable to type 'IntrinsicAttributes & ConfirmDialogProps'.
  Property 'open' does not exist on type 'IntrinsicAttributes & ConfirmDialogProps'.
components/prescriptions/PrescriptionCard.tsx(298,9): error TS2322: Type '{ open: boolean; onOpenChange: Dispatch<SetStateAction<boolean>>; title: string; description: string; confirmText: string; cancelText: string; variant: "destructive"; onConfirm: () => void; loading: any; }' is not assignable to type 'IntrinsicAttributes & ConfirmDialogProps'.
  Property 'open' does not exist on type 'IntrinsicAttributes & ConfirmDialogProps'.
components/prescriptions/PrescriptionFiltersDialog.tsx(5,24): error TS2307: Cannot find module 'date-fns' or its corresponding type declarations.
components/prescriptions/PrescriptionFiltersDialog.tsx(6,22): error TS2307: Cannot find module 'date-fns/locale' or its corresponding type declarations.
components/prescriptions/PrescriptionFiltersDialog.tsx(18,26): error TS2307: Cannot find module '@/components/ui/calendar' or its corresponding type declarations.
components/prescriptions/PrescriptionFiltersDialog.tsx(19,57): error TS2307: Cannot find module '@/components/ui/popover' or its corresponding type declarations.
components/prescriptions/PrescriptionFiltersDialog.tsx(254,32): error TS7006: Parameter 'date' implicitly has an 'any' type.
components/prescriptions/PrescriptionFiltersDialog.tsx(288,32): error TS7006: Parameter 'date' implicitly has an 'any' type.
components/providers/AuthProvider.tsx(35,27): error TS18047: 'pathname' is possibly 'null'.
components/providers/AuthProvider.tsx(78,26): error TS18047: 'pathname' is possibly 'null'.
components/theme-provider.tsx(5,41): error TS2307: Cannot find module 'next-themes/dist/types' or its corresponding type declarations.
components/ui/animations.tsx(17,7): error TS2698: Spread types may only be created from object types.
components/ui/animations.tsx(20,9): error TS18046: 'children.props' is of type 'unknown'.
components/ui/animations.tsx(24,12): error TS18046: 'children.props' is of type 'unknown'.
components/ui/notification-center.tsx(16,37): error TS2307: Cannot find module 'date-fns' or its corresponding type declarations.
components/ui/notification-center.tsx(17,22): error TS2307: Cannot find module 'date-fns/locale' or its corresponding type declarations.
components/ui/notification-center.tsx(117,50): error TS2345: Argument of type '{ orientation: "vertical"; loop: true; }' is not assignable to parameter of type '{ itemCount: number; onSelect?: ((index: number) => void) | undefined; isOpen?: boolean | undefined; loop?: boolean | undefined; orientation?: "horizontal" | "vertical" | undefined; }'.
  Property 'itemCount' is missing in type '{ orientation: "vertical"; loop: true; }' but required in type '{ itemCount: number; onSelect?: ((index: number) => void) | undefined; isOpen?: boolean | undefined; loop?: boolean | undefined; orientation?: "horizontal" | "vertical" | undefined; }'.
components/ui/separator.tsx(4,37): error TS2307: Cannot find module '@radix-ui/react-separator' or its corresponding type declarations.
hooks/useAdmissions.ts(2,41): error TS2305: Module '"@/types/beds"' has no exported member 'CreateAdmissionData'.
hooks/useAdmissions.ts(2,62): error TS2305: Module '"@/types/beds"' has no exported member 'DischargeData'.
hooks/useAdmissions.ts(24,43): error TS2339: Property 'getAdmissions' does not exist on type '{ getAll(filters?: AdmissionFilters | undefined): Promise<PatientAdmission[]>; getById(id: string): Promise<PatientAdmission>; ... 6 more ...; getByPatient(patientId: string): Promise<...>; }'.
hooks/useAdmissions.ts(29,56): error TS7006: Parameter 'admission' implicitly has an 'any' type.
hooks/useAdmissions.ts(35,56): error TS7006: Parameter 'admission' implicitly has an 'any' type.
hooks/useAdmissions.ts(41,56): error TS7006: Parameter 'admission' implicitly has an 'any' type.
hooks/useAdmissions.ts(47,56): error TS7006: Parameter 'admission' implicitly has an 'any' type.
hooks/useAdmissions.ts(53,56): error TS7006: Parameter 'admission' implicitly has an 'any' type.
hooks/useAdmissions.ts(59,56): error TS7006: Parameter 'admission' implicitly has an 'any' type.
hooks/useAdmissions.ts(79,51): error TS2339: Property 'createAdmission' does not exist on type '{ getAll(filters?: AdmissionFilters | undefined): Promise<PatientAdmission[]>; getById(id: string): Promise<PatientAdmission>; ... 6 more ...; getByPatient(patientId: string): Promise<...>; }'.
hooks/useAdmissions.ts(96,30): error TS2339: Property 'dischargePatient' does not exist on type '{ getAll(filters?: AdmissionFilters | undefined): Promise<PatientAdmission[]>; getById(id: string): Promise<PatientAdmission>; ... 6 more ...; getByPatient(patientId: string): Promise<...>; }'.
hooks/useAdmissions.ts(125,51): error TS2339: Property 'transferPatient' does not exist on type '{ getAll(filters?: AdmissionFilters | undefined): Promise<PatientAdmission[]>; getById(id: string): Promise<PatientAdmission>; ... 6 more ...; getByPatient(patientId: string): Promise<...>; }'.
hooks/useBedOccupancy.ts(27,9): error TS2561: Object literal may only specify known properties, but 'occupancy_trends' does not exist in type 'BedOccupancyStats'. Did you mean to write 'occupancy_rate'?
hooks/useBeds.ts(17,37): error TS2339: Property 'getBeds' does not exist on type '{ getAll(filters?: BedFilters | undefined): Promise<Bed[]>; getById(id: string): Promise<Bed>; create(data: CreateBedRequest): Promise<Bed>; ... 5 more ...; getOccupancyStats(departmentId?: string | undefined): Promise<...>; }'.
hooks/useBeds.ts(28,24): error TS2551: Property 'updateBedStatus' does not exist on type '{ getAll(filters?: BedFilters | undefined): Promise<Bed[]>; getById(id: string): Promise<Bed>; create(data: CreateBedRequest): Promise<Bed>; ... 5 more ...; getOccupancyStats(departmentId?: string | undefined): Promise<...>; }'. Did you mean 'updateStatus'?
hooks/useBeds.ts(45,39): error TS2551: Property 'createBed' does not exist on type '{ getAll(filters?: BedFilters | undefined): Promise<Bed[]>; getById(id: string): Promise<Bed>; create(data: CreateBedRequest): Promise<Bed>; ... 5 more ...; getOccupancyStats(departmentId?: string | undefined): Promise<...>; }'. Did you mean 'create'?
hooks/usePrescriptions.ts(1,55): error TS2307: Cannot find module '@tanstack/react-query' or its corresponding type declarations.
hooks/usePrescriptions.ts(119,17): error TS7006: Parameter 'newPrescription' implicitly has an 'any' type.
hooks/usePrescriptions.ts(141,17): error TS7006: Parameter 'updatedPrescription' implicitly has an 'any' type.
hooks/usePrescriptions.ts(167,17): error TS7006: Parameter '_' implicitly has an 'any' type.
hooks/usePrescriptions.ts(167,20): error TS7006: Parameter 'deletedId' implicitly has an 'any' type.
hooks/usePrescriptions.ts(190,17): error TS7006: Parameter 'cancelledPrescription' implicitly has an 'any' type.
hooks/usePrescriptions.ts(216,17): error TS7006: Parameter 'renewedPrescription' implicitly has an 'any' type.
hooks/usePrescriptions.ts(234,17): error TS7006: Parameter 'blob' implicitly has an 'any' type.
hooks/usePrescriptions.ts(234,23): error TS7006: Parameter 'id' implicitly has an 'any' type.
hooks/usePrescriptions.ts(262,17): error TS7006: Parameter 'newMedication' implicitly has an 'any' type.
hooks/usePrescriptions.ts(291,17): error TS7006: Parameter 'updatedMedication' implicitly has an 'any' type.
hooks/usePrescriptions.ts(314,17): error TS7006: Parameter '_' implicitly has an 'any' type.
hooks/usePrescriptions.ts(314,22): error TS7031: Binding element 'prescriptionId' implicitly has an 'any' type.
pages/AdmissionSystem.tsx(14,26): error TS2307: Cannot find module '@/components/ui/progress' or its corresponding type declarations.
pages/AdmissionSystem.tsx(25,3): error TS2300: Duplicate identifier 'Bed'.
pages/AdmissionSystem.tsx(41,3): error TS2305: Module '"@/types/beds"' has no exported member 'AdmissionForm'.
pages/AdmissionSystem.tsx(45,3): error TS2300: Duplicate identifier 'Bed'.
pages/AdmissionSystem.tsx(46,3): error TS2305: Module '"@/types/beds"' has no exported member 'Patient'.
pages/AdmissionSystem.tsx(53,18): error TS2749: 'Bed' refers to a value, but is being used as a type here. Did you mean 'typeof Bed'?
pages/AdmissionSystem.tsx(72,11): error TS2339: Property 'calculateDailyRate' does not exist on type 'UseDailyRatesReturn'.
pages/AdmissionSystem.tsx(505,5): error TS2353: Object literal may only specify known properties, and 'discharge_time' does not exist in type 'DischargeForm | (() => DischargeForm)'.
pages/AdmissionSystem.tsx(513,11): error TS2339: Property 'calculateDailyRate' does not exist on type 'UseDailyRatesReturn'.
pages/AdmissionSystem.tsx(516,75): error TS2551: Property 'discharge_time' does not exist on type 'DischargeForm'. Did you mean 'discharge_date'?
pages/AdmissionSystem.tsx(518,64): error TS18048: 'admission.bed' is possibly 'undefined'.
pages/AdmissionSystem.tsx(533,34): error TS18048: 'admission.patient' is possibly 'undefined'.
pages/AdmissionSystem.tsx(533,67): error TS18048: 'admission.bed' is possibly 'undefined'.
pages/AdmissionSystem.tsx(584,33): error TS2551: Property 'discharge_time' does not exist on type 'DischargeForm'. Did you mean 'discharge_date'?
pages/AdmissionSystem.tsx(585,61): error TS2353: Object literal may only specify known properties, and 'discharge_time' does not exist in type 'SetStateAction<DischargeForm>'.
pages/AdmissionSystem.tsx(611,33): error TS2339: Property 'final_diagnosis' does not exist on type 'DischargeForm'.
pages/AdmissionSystem.tsx(612,61): error TS2353: Object literal may only specify known properties, and 'final_diagnosis' does not exist in type 'SetStateAction<DischargeForm>'.
pages/AdmissionSystem.tsx(621,33): error TS2339: Property 'medical_summary' does not exist on type 'DischargeForm'.
pages/AdmissionSystem.tsx(622,61): error TS2353: Object literal may only specify known properties, and 'medical_summary' does not exist in type 'SetStateAction<DischargeForm>'.
pages/AdmissionSystem.tsx(631,33): error TS2339: Property 'follow_up_instructions' does not exist on type 'DischargeForm'.
pages/AdmissionSystem.tsx(632,61): error TS2353: Object literal may only specify known properties, and 'follow_up_instructions' does not exist in type 'SetStateAction<DischargeForm>'.
pages/AdmissionSystem.tsx(641,33): error TS2339: Property 'medications' does not exist on type 'DischargeForm'.
pages/AdmissionSystem.tsx(642,61): error TS2353: Object literal may only specify known properties, and 'medications' does not exist in type 'SetStateAction<DischargeForm>'.
pages/AdmissionSystem.tsx(689,9): error TS18048: 'admission.patient' is possibly 'undefined'.
pages/AdmissionSystem.tsx(690,9): error TS18048: 'admission.bed' is possibly 'undefined'.
pages/AdmissionSystem.tsx(691,9): error TS18048: 'admission.bed' is possibly 'undefined'.
pages/AdmissionSystem.tsx(706,44): error TS2339: Property 'discharge_date' does not exist on type 'PatientAdmission'.
pages/AdmissionSystem.tsx(743,32): error TS7053: Element implicitly has an 'any' type because expression of type 'AdmissionStatus' can't be used to index type '{ ACTIVE: { label: string; variant: "default"; }; DISCHARGED: { label: string; variant: "secondary"; }; TRANSFERRED: { label: string; variant: "outline"; }; }'.
  Property 'DECEASED' does not exist on type '{ ACTIVE: { label: string; variant: "default"; }; DISCHARGED: { label: string; variant: "secondary"; }; TRANSFERRED: { label: string; variant: "outline"; }; }'.
pages/AdmissionSystem.tsx(754,32): error TS7053: Element implicitly has an 'any' type because expression of type 'PaymentType' can't be used to index type '{ PRIVATE: { label: string; variant: "default"; }; INSURANCE: { label: string; variant: "secondary"; }; SUS: { label: string; variant: "outline"; }; }'.
  Property 'AGREEMENT' does not exist on type '{ PRIVATE: { label: string; variant: "default"; }; INSURANCE: { label: string; variant: "secondary"; }; SUS: { label: string; variant: "outline"; }; }'.
pages/AdmissionSystem.tsx(903,51): error TS2339: Property 'discharge_date' does not exist on type 'PatientAdmission'.
pages/AdmissionSystem.tsx(909,55): error TS18048: 'admission.patient' is possibly 'undefined'.
pages/AdmissionSystem.tsx(910,73): error TS18048: 'admission.patient' is possibly 'undefined'.
pages/AdmissionSystem.tsx(915,55): error TS18048: 'admission.bed' is possibly 'undefined'.
pages/AdmissionSystem.tsx(917,28): error TS18048: 'admission.bed' is possibly 'undefined'.
pages/AdmissionSystem.tsx(917,57): error TS18048: 'admission.bed' is possibly 'undefined'.
pages/BedManagement.tsx(32,21): error TS2300: Duplicate identifier 'BedType'.
pages/BedManagement.tsx(32,21): error TS2305: Module '"@/types/beds"' has no exported member 'BedType'.
pages/BedManagement.tsx(32,55): error TS2300: Duplicate identifier 'BedType'.
pages/BedManagement.tsx(32,64): error TS2724: '"@/types/beds"' has no exported member named 'DepartmentForm'. Did you mean 'Department'?
pages/BedManagement.tsx(32,80): error TS2305: Module '"@/types/beds"' has no exported member 'RoomForm'.
pages/BedManagement.tsx(32,90): error TS2305: Module '"@/types/beds"' has no exported member 'BedForm'.
pages/BedManagement.tsx(364,5): error TS2339: Property 'rooms' does not exist on type 'UseBedsReturn'.
pages/BedManagement.tsx(365,5): error TS2339: Property 'departments' does not exist on type 'UseBedsReturn'.
pages/BedManagement.tsx(367,5): error TS2339: Property 'createDepartment' does not exist on type 'UseBedsReturn'.
pages/BedManagement.tsx(368,5): error TS2339: Property 'updateDepartment' does not exist on type 'UseBedsReturn'.
pages/BedManagement.tsx(369,5): error TS2339: Property 'deleteDepartment' does not exist on type 'UseBedsReturn'.
pages/BedManagement.tsx(370,5): error TS2339: Property 'createRoom' does not exist on type 'UseBedsReturn'.
pages/BedManagement.tsx(371,5): error TS2339: Property 'updateRoom' does not exist on type 'UseBedsReturn'.
pages/BedManagement.tsx(372,5): error TS2339: Property 'deleteRoom' does not exist on type 'UseBedsReturn'.
pages/BedManagement.tsx(374,5): error TS2339: Property 'updateBed' does not exist on type 'UseBedsReturn'.
pages/BedManagement.tsx(375,5): error TS2339: Property 'deleteBed' does not exist on type 'UseBedsReturn'.
pages/BedManagement.tsx(403,25): error TS7006: Parameter 'room' implicitly has an 'any' type.
pages/BedManagement.tsx(415,31): error TS7006: Parameter 'dept' implicitly has an 'any' type.
pages/BedManagement.tsx(566,35): error TS7006: Parameter 'dept' implicitly has an 'any' type.
pages/BedManagement.tsx(639,28): error TS2367: This comparison appears to be unintentional because the types '"STANDARD" | "ICU" | "PEDIATRIC" | "MATERNITY"' and '"ISOLATION"' have no overlap.
pages/BedManagement.tsx(723,39): error TS7006: Parameter 'room' implicitly has an 'any' type.
pages/BedManagement.tsx(822,45): error TS7006: Parameter 'department' implicitly has an 'any' type.
pages/BedManagement.tsx(823,52): error TS7006: Parameter 'room' implicitly has an 'any' type.
pages/BedOccupancyDashboard.tsx(8,26): error TS2307: Cannot find module '@/components/ui/progress' or its corresponding type declarations.
pages/BedOccupancyDashboard.tsx(163,11): error TS2339: Property 'statistics' does not exist on type '{ stats: BedOccupancyStats | null; loading: boolean; error: string | null; refetch: () => Promise<void>; }'.
pages/BedOccupancyDashboard.tsx(163,23): error TS2339: Property 'trends' does not exist on type '{ stats: BedOccupancyStats | null; loading: boolean; error: string | null; refetch: () => Promise<void>; }'.
pages/BedOccupancyDashboard.tsx(163,31): error TS2339: Property 'isLoading' does not exist on type '{ stats: BedOccupancyStats | null; loading: boolean; error: string | null; refetch: () => Promise<void>; }'.
pages/BedOccupancyDashboard.tsx(164,17): error TS2339: Property 'departments' does not exist on type 'UseBedsReturn'.
pages/BedOccupancyDashboard.tsx(297,35): error TS7006: Parameter 'dept' implicitly has an 'any' type.
pages/BedOccupancyDashboard.tsx(354,21): error TS2607: JSX element class does not support attributes because it does not have a 'props' property.
pages/BedOccupancyDashboard.tsx(354,22): error TS2786: 'XAxis' cannot be used as a JSX component.
  Its type 'typeof XAxis' is not a valid JSX element type.
    Type 'typeof XAxis' is not assignable to type 'new (props: any, context: any) => Component<any, any, any>'.
      Type 'XAxis' is missing the following properties from type 'Component<any, any, any>': context, setState, forceUpdate, props, state
pages/BedOccupancyDashboard.tsx(355,22): error TS2786: 'YAxis' cannot be used as a JSX component.
  Its type 'typeof YAxis' is not a valid JSX element type.
    Type 'typeof YAxis' is not assignable to type 'new (props: any, context: any) => Component<any, any, any>'.
      Type 'YAxis' is missing the following properties from type 'Component<any, any, any>': context, setState, forceUpdate, props, state
pages/BedOccupancyDashboard.tsx(400,31): error TS7006: Parameter 'department' implicitly has an 'any' type.
pages/DailyRateConfiguration.tsx(33,3): error TS2305: Module '"@/types/beds"' has no exported member 'BedType'.
pages/DailyRateConfiguration.tsx(34,3): error TS2305: Module '"@/types/beds"' has no exported member 'DailyRateForm'.
pages/DailyRateConfiguration.tsx(35,3): error TS2305: Module '"@/types/beds"' has no exported member 'RateSimulation'.
pages/DailyRateConfiguration.tsx(75,7): error TS2353: Object literal may only specify known properties, and 'rate_multiplier' does not exist in type 'DailyRateTier'.
pages/DailyRateConfiguration.tsx(82,47): error TS7006: Parameter '_' implicitly has an 'any' type.
pages/DailyRateConfiguration.tsx(82,50): error TS7006: Parameter 'i' implicitly has an 'any' type.
pages/DailyRateConfiguration.tsx(93,12): error TS7053: Element implicitly has an 'any' type because expression of type 'PaymentType' can't be used to index type '{ PRIVATE: string; INSURANCE: string; SUS: string; }'.
  Property 'AGREEMENT' does not exist on type '{ PRIVATE: string; INSURANCE: string; SUS: string; }'.
pages/DailyRateConfiguration.tsx(103,12): error TS7053: Element implicitly has an 'any' type because expression of type 'BedType' can't be used to index type '{ STANDARD: string; ICU: string; ISOLATION: string; PEDIATRIC: string; }'.
pages/DailyRateConfiguration.tsx(179,36): error TS7006: Parameter 'tier' implicitly has an 'any' type.
pages/DailyRateConfiguration.tsx(179,42): error TS7006: Parameter 'index' implicitly has an 'any' type.
pages/DailyRateConfiguration.tsx(209,68): error TS2345: Argument of type '"rate_multiplier"' is not assignable to parameter of type 'keyof DailyRateTier'.
pages/DailyRateConfiguration.tsx(264,11): error TS2339: Property 'calculateDailyRate' does not exist on type 'UseDailyRatesReturn'.
pages/DailyRateConfiguration.tsx(264,31): error TS2339: Property 'simulateRates' does not exist on type 'UseDailyRatesReturn'.
pages/DailyRateConfiguration.tsx(395,41): error TS7006: Parameter 'result' implicitly has an 'any' type.
pages/DailyRateConfiguration.tsx(395,49): error TS7006: Parameter 'index' implicitly has an 'any' type.
pages/DailyRateConfiguration.tsx(412,51): error TS7006: Parameter 'acc' implicitly has an 'any' type.
pages/DailyRateConfiguration.tsx(412,56): error TS7006: Parameter 'r' implicitly has an 'any' type.
pages/DailyRateConfiguration.tsx(426,5): error TS2339: Property 'rates' does not exist on type 'UseDailyRatesReturn'.
pages/DailyRateConfiguration.tsx(428,5): error TS2339: Property 'createRate' does not exist on type 'UseDailyRatesReturn'.
pages/DailyRateConfiguration.tsx(429,5): error TS2339: Property 'updateRate' does not exist on type 'UseDailyRatesReturn'.
pages/DailyRateConfiguration.tsx(430,5): error TS2339: Property 'deleteRate' does not exist on type 'UseDailyRatesReturn'.
pages/DailyRateConfiguration.tsx(473,32): error TS7053: Element implicitly has an 'any' type because expression of type 'PaymentType' can't be used to index type '{ PRIVATE: { label: string; variant: "default"; }; INSURANCE: { label: string; variant: "secondary"; }; SUS: { label: string; variant: "outline"; }; }'.
  Property 'AGREEMENT' does not exist on type '{ PRIVATE: { label: string; variant: "default"; }; INSURANCE: { label: string; variant: "secondary"; }; SUS: { label: string; variant: "outline"; }; }'.
pages/DailyRateConfiguration.tsx(485,32): error TS7053: Element implicitly has an 'any' type because expression of type 'BedType' can't be used to index type '{ STANDARD: { label: string; variant: "default"; }; ICU: { label: string; variant: "destructive"; }; ISOLATION: { label: string; variant: "secondary"; }; PEDIATRIC: { label: string; variant: "outline"; }; }'.
pages/DailyRateConfiguration.tsx(549,31): error TS7006: Parameter 'rate' implicitly has an 'any' type.
pages/DailyRateConfiguration.tsx(591,60): error TS7006: Parameter 'tier' implicitly has an 'any' type.
pages/DailyRateConfiguration.tsx(591,66): error TS7006: Parameter 'index' implicitly has an 'any' type.
pages/FinancialReports.tsx(12,37): error TS2307: Cannot find module '@/components/ui/date-range-picker' or its corresponding type declarations.
pages/FinancialReports.tsx(38,3): error TS2305: Module '"@/types/beds"' has no exported member 'RevenueByPaymentType'.
pages/FinancialReports.tsx(39,3): error TS2305: Module '"@/types/beds"' has no exported member 'MonthlyRevenue'.
pages/FinancialReports.tsx(40,3): error TS2305: Module '"@/types/beds"' has no exported member 'PaymentStatus'.
pages/FinancialReports.tsx(44,27): error TS2307: Cannot find module 'react-day-picker' or its corresponding type declarations.
pages/FinancialReports.tsx(45,42): error TS2307: Cannot find module 'date-fns' or its corresponding type declarations.
pages/FinancialReports.tsx(46,22): error TS2307: Cannot find module 'date-fns/locale' or its corresponding type declarations.
pages/FinancialReports.tsx(74,64): error TS2339: Property 'patient_name' does not exist on type 'AdmissionBilling'.
pages/FinancialReports.tsx(82,59): error TS2339: Property 'patient_name' does not exist on type 'AdmissionBilling'.
pages/FinancialReports.tsx(87,26): error TS2339: Property 'payment_type' does not exist on type 'AdmissionBilling'.
pages/FinancialReports.tsx(88,26): error TS2339: Property 'payment_type' does not exist on type 'AdmissionBilling'.
pages/FinancialReports.tsx(103,29): error TS2339: Property 'paid_amount' does not exist on type 'AdmissionBilling'.
pages/FinancialReports.tsx(115,51): error TS2339: Property 'paid_amount' does not exist on type 'AdmissionBilling'.
pages/FinancialReports.tsx(163,53): error TS2339: Property 'patient_name' does not exist on type 'AdmissionBilling'.
pages/FinancialReports.tsx(167,41): error TS2339: Property 'payment_type' does not exist on type 'AdmissionBilling'.
pages/FinancialReports.tsx(168,39): error TS2339: Property 'payment_type' does not exist on type 'AdmissionBilling'.
pages/FinancialReports.tsx(169,28): error TS2339: Property 'payment_type' does not exist on type 'AdmissionBilling'.
pages/FinancialReports.tsx(170,28): error TS2339: Property 'payment_type' does not exist on type 'AdmissionBilling'.
pages/FinancialReports.tsx(184,45): error TS2551: Property 'admission_date' does not exist on type 'AdmissionBilling'. Did you mean 'admission_id'?
pages/FinancialReports.tsx(189,28): error TS2339: Property 'discharge_date' does not exist on type 'AdmissionBilling'.
pages/FinancialReports.tsx(190,47): error TS2339: Property 'discharge_date' does not exist on type 'AdmissionBilling'.
pages/FinancialReports.tsx(217,18): error TS18048: 'billing.items' is possibly 'undefined'.
pages/FinancialReports.tsx(254,31): error TS2339: Property 'paid_amount' does not exist on type 'AdmissionBilling'.
pages/FinancialReports.tsx(260,55): error TS2339: Property 'paid_amount' does not exist on type 'AdmissionBilling'.
pages/FinancialReports.tsx(281,5): error TS2339: Property 'billings' does not exist on type 'UseFinancialReportsReturn'.
pages/FinancialReports.tsx(285,5): error TS2339: Property 'sendReminder' does not exist on type 'UseFinancialReportsReturn'.
pages/FinancialReports.tsx(302,28): error TS7006: Parameter 'billing' implicitly has an 'any' type.
pages/FinancialReports.tsx(335,26): error TS2345: Argument of type '"pdf" | "excel"' is not assignable to parameter of type '"PDF" | "EXCEL"'.
  Type '"pdf"' is not assignable to type '"PDF" | "EXCEL"'. Did you mean '"PDF"'?
pages/FinancialReports.tsx(343,17): error TS2339: Property 'paid_amount' does not exist on type 'AdmissionBilling'.
pages/FinancialReports.tsx(345,24): error TS2339: Property 'paid_amount' does not exist on type 'AdmissionBilling'.
pages/FinancialReports.tsx(424,27): error TS18047: 'summary' is possibly 'null'.
pages/FinancialReports.tsx(440,27): error TS18047: 'summary' is possibly 'null'.
pages/FinancialReports.tsx(456,27): error TS18047: 'summary' is possibly 'null'.
pages/FinancialReports.tsx(472,26): error TS18047: 'summary' is possibly 'null'.
pages/FinancialReports.tsx(472,48): error TS18047: 'summary' is possibly 'null'.
pages/FinancialReports.tsx(493,46): error TS2339: Property 'amount' does not exist on type 'RevenueByPaymentType'.
pages/FinancialReports.tsx(493,55): error TS18047: 'summary' is possibly 'null'.
pages/FinancialReports.tsx(508,38): error TS2339: Property 'amount' does not exist on type 'RevenueByPaymentType'.
pages/FinancialReports.tsx(537,71): error TS2339: Property 'paid_count' does not exist on type 'PaymentStatus[]'.
pages/FinancialReports.tsx(539,43): error TS2339: Property 'paid_amount' does not exist on type 'PaymentStatus[]'.
pages/FinancialReports.tsx(550,71): error TS2339: Property 'partial_count' does not exist on type 'PaymentStatus[]'.
pages/FinancialReports.tsx(552,43): error TS2339: Property 'partial_amount' does not exist on type 'PaymentStatus[]'.
pages/FinancialReports.tsx(563,71): error TS2339: Property 'pending_count' does not exist on type 'PaymentStatus[]'.
pages/FinancialReports.tsx(565,43): error TS2339: Property 'pending_amount' does not exist on type 'PaymentStatus[]'.
pages/FinancialReports.tsx(658,42): error TS7006: Parameter 'billing' implicitly has an 'any' type.
pages/FinancialReports.tsx(732,29): error TS2339: Property 'revenue' does not exist on type 'MonthlyRevenue'.
pages/FinancialReports.tsx(732,53): error TS2339: Property 'revenue' does not exist on type 'MonthlyRevenue'.
pages/FinancialReports.tsx(732,78): error TS2339: Property 'revenue' does not exist on type 'MonthlyRevenue'.
pages/FinancialReports.tsx(738,77): error TS2339: Property 'admissions' does not exist on type 'MonthlyRevenue'.
pages/FinancialReports.tsx(742,37): error TS2339: Property 'revenue' does not exist on type 'MonthlyRevenue'.
services/bedService.ts(13,3): error TS2305: Module '"@/types/beds"' has no exported member 'CreateBedRequest'.
services/bedService.ts(14,3): error TS2305: Module '"@/types/beds"' has no exported member 'CreateRoomRequest'.
services/bedService.ts(15,3): error TS2724: '"@/types/beds"' has no exported member named 'CreateDepartmentRequest'. Did you mean 'CreateDepartmentForm'?
services/bedService.ts(16,3): error TS2305: Module '"@/types/beds"' has no exported member 'CreateAdmissionRequest'.
services/bedService.ts(17,3): error TS2305: Module '"@/types/beds"' has no exported member 'UpdateBedStatusRequest'.
